A. L. Mangham Jr. Regional
A.P. Hill Army Airfield
Aalborg
Aarhus
Aba Segud
Abadan
Abaiang Atoll
Abakan
Abau
Abbotsford
Abbottabad
Abeche
Abemama Atoll
Aberdeen Regional
Abernathy Field
Abha
Abilene Regional
Abingdon
Aboisso
Abou Deia
Abraham Gonzalez International
Abraham Lincoln Capital
Abu Dhabi International
Abu Rudeis
Abu Simbel
Acadiana Regional
Acandi
Acaricuara
Accomack County
Achinsk
Achmad Yani International
Achutupo
Ada Municipal
Adak Island
Adana Sakirpasa
Ad-Dabbah
Addington Field
Addison
Adelaide International
Aden International
Adirondack Regional
Adiyaman
Adler-Sochi International
Adnan Menderes
Aek Godang
Aeroporto Coronel Altino Machado
Aeroporto Cristoforo Colombo
Aeroporto de Santa Maria
Aeroporto di Verona
Aeroporto Internacional de Foz do Iguacu
Aeropuerto Internacional de Cataratas del Iguazu
Aeropuerto Teniente General Benjamin Matienzo
Afonso Pena International
Afore
Afton Downs
Afton Municipal
Afutara Aerodrome
Afyon
Agartala
Agatti Island
Agaun
Aggeneys
Agnew
Agri
Agrinion
Aguni
Ahe
Ahuas
Ahwaz
Ai-Ais
Aiken Municipal
Ailigandi
Ailinglapalap Island
Ailuk Island
Ain Eddis
Ainsworth Municipal
Aiome
Aioun El Atrouss
Airborne Airpark
Airlake
Airok
Aishalton
Aitape Airstrip
Aitkin Municipal
Aitutaki Island
Aix Les Milles
Aiyura
Aizawl
Akhiok
Akiak
Akieni
Akita
Akjoujt
Akola
Akron Fulton International
Akron-Canton Regional
Aksu
Aktau
Aktion
Aktyubinsk
Akulivik
Akure
Akureyri
Al Ain International
Al Dhafra
Al Ghaydah
Al Jouf
Al Massira
Al Qamishli
Alakanuk
Alamogordo-White Sands Regional
Al-Aqiq
Albany
Albany International
Albenga
Albert J. Ellis
Albert Lea Municipal
Albert Whitted
Albertus
Albina
Albion Municipal
Albuq
Albuquerque International Sunport
Albury
Aldan
Alderney
Alegrete Federal
Alejandro Velasco Astete International
Alenquer
Aleppo International
Alert
Alert Bay
Alerta
alesund, Vigra
Alexander Field South Wood County
Alexander Salamon
Alexandra
Alexandria
Alexandria International
Alfonso Bonilla Aragon International
Alghero
Algona Municipal
Alice International
Alice Springs
Ali-Sabieh
Alls
Alls
Alls
Alls
Alls
Alls
Alls
Alls
Alls
Alls
Alls
Alls
Alls
Alls
Alls
Alls
Alls
Alls
Alls
Alls
Alls
Alls
Alls
Alls
Alls
Alls
Alls
Allah Valley
Allahabad / Bamrauli Air Force Base
Allama Iqbal International
Alldays
Allegheny County
Allen Army Airfield
Allen C. Perkinson / Blackstone Army Airfield
Allen Parish
Alliance Municipal
Alma
Alma Ata
Almenara
Almeria International
Along
Alor Island
Alowe
Alpe d'Huez
Alpena County Regional
Alpha
Alroy Downs
Alta
Alta Floresta
Altamira
Altay
Altenburg-Nobitz
Alto Molocue
Alto Parnatiba
Alto Rio Senguerr
Altoona-Blair County
Alturas Municipal
Altus Air Force Base
Altus/Quartz Mountain Regional
Alula
Alva Regional
Alvik
Am Timan
Ama
Amado Nervo National
Amahai
Amakusa
Amalfi
Amami O Shima
Amanab
Amaroo
Amata
Amausi
Amazon Bay
Ambatolahy
Ambatomainty
Ambilobe
Ambler
Amboin
Amboseli
Ambouli
Ambriz
Ambunti
Amderma
Amedee AAF
Amery Municipal
Ames Municipal
Amilcar Cabral International
Amos/Magny
Ampanihy
Amparai
Anaa
Anaco
Anadyr
Anaktuvuk Pass
Anand
Anapolis AB
Andahuaylas
Andakombe
Andamooka
Andersen AFB
Anderson Municipal
Anderson Regional
Andes
Andizhan
Andorra La Vella
Andover
Andoya, Andenes
Andrau Airpark
Andrew Municipal
Andrews AFB
Andrews-Murphy
Andriamena
Andros Town International
Andulo
Aneityum
Angel Fire
angelholm-Helsingborg
Angelina County
Angers-Marce
Anggi
Angkor International
Anglet
Angmagssalik
Angoche
Angoon Seaplane Base
Angorarn
Anguganak
Angus Downs
Aniak
Aniwa
Ankang
Ankeny Regional
Ann Arbor Municipal
Annanberg
Annemasse
Annette Island
Anniston Metropolitan
Anoka County-Blaine
Anqing
Anshan
Anson County
Antalya
Antananarivo Arivonimamo
Anthony Lagoon
Anthony Municipal
Antonio B. Won Pat International
Antonio Jose de Sucre
Antonio Juarbe Pol
Antonio Maceo International
Antonio Rivera Rodriguez
Antrim County
Antsirabato
Antsirabe
Antwerp International
Anuha Island Resort
Anuradhapura
Anvik
Anyang
Aomori
Apalachicola Municipal
Apalapsili
Apapa
Apartacto
Apataki
Apatzingan
Apolo
Apple Valley
Appleton Municipal
April River
Apucarana
Aracatuba
Arad International
Aragarcas
Aragip
Araguaina
Aramac
Arandis
Aransas County
Aranuka
Arapiraca
Arapongas
Arapoti
Araracuara
Araraquara
Ararat
Arauquita
Araxa
Araxos
Arba Minch
Arboletas
Arcata/Eureka
Arctic Village
Ardabil
Ardmore
Ardmore Municipal
Arens Field
Argyle Downs
Arica
Aripuana
Ariquernes
Arkalyk
Arkansas International
Arlanda
Arlington Municipal
Arlington Municipal
Arlit
Arly
Armidale
Armstrong
Arno
Arnold AFB
Arnold Palmer Regional
Aroa
Arona
Arorae Island
Arrabury
Arrachart
Arraias
Arrecife
Arrowhead Assault Strip
Arso
Artesia Municipal
Arthur N. Neu
Arthurs Town
Artigas International
Arturo Merino Benitez International
Arusha
Arutua
Arvaikheer
Arviat
Arvidsjaur
Arwi
Asahikawa
Asapa
Asau
Ascension de Guarayos
Ascona
Aseki
Asella
Ashburton
Ashe County
Asheboro Municipal
Asheville Regional
Ashkhabad
Ashland Regional
Ashley Municipal
Ashtabula County
Asirim
Asmara International
Asosa
Aspen-Pitkin County
Asseb International
Assis
Assiut
Astana
Astoria Regional
Astrakhan
Asturias
Aswan International
Atalaya
Ataq
Atarot
Ataturk International
Atauro
Atbara
Atbasar
Athens-Ben Epps
Ati
Atikokan Municipal
Atiu Island
Atizapan
Atka
Atkamba
Atkinson Municipal
Atlantic City International
Atlantic City Municipal
Atlantic Municipal
Atoifi
Atoka Municipal
Atqasuk Edward Burnell Sr. Memorial
Attawapiskat
Attock
Attopeu
Atuona
Atwood-Rawlins County
Aua Island
Auburn Municipal
Auburn/Lewiston Municipal
Auburn-Opelika Robert G. Pitts
Auckland International
Audubon County
Augsburg
Augusta Regional at Bush Field
Augusta State
Augusto C. Sandino International
Augusto Severo International
Augustus Downs
Aur Island
Aurangabad
Aurel Vlaicu International
Aurillac
Aurno
Aurora Municipal
Aurora Municipal
Aurora State
Aurukun
Austin Municipal
Austin Straubel International
Austin-Bergstrom International
Austral Downs
Auvergne
Auvergne
Auxerre Branches
Ava Bill Martin Memorial
Avalon
Avenger Field
Aviano Air Base
Avon Park Executive
Avoriaz
Avu Avu
Awaba
Awar
Awareh
Awasa
Axamo, Jonkoping
Axum
Ayacucho
Ayapel
Ayawasi
Ayers Rock
Ayr
Babelthuap
Bacau International
Bacolod City Domestic
Bacon County
Baden Airpark
Bagdogra
Baghdad International
Bagotville
Baguio
Bahawalpur
Bahrain International
Baia Mare
Baie-Comeau
Bairnsdale
Baker City Municipal
Baker Lake
Baker Municipal
Baldwin County
Balikesir
Ballina
Balmaceda
Baltimore-Washington International Thurgood Marshall
Bamaga Injinoo
Bambari
Bandaranaike International
Bandirma
Bandon State
Bangassou
Bangor International
Bangui M'Poko International
Banja Luka
Banjul International
Bankstown
Banning Municipal
Bannu
Baraboo Wisconsin Dells
Barajas International
Barberey
Barcaldine
Barcelona International
Bardufoss
Barinas
Barisal
Barking Sands PMRF
Barkley Regional
Barksdale Air Force Base
Barnaul
Barnes Municipal
Barnstable Municipal
Barnwell County
Barquisimeto International
Barra
Barra del Colorado
Barrow/Walney Island Airfield
Barstow-Daggett
Barter Island LRRS
Bartlesville Municipal
Bartow Municipal
Basrah International
Bateen
Batesville Regional
Bathurst
Bathurst Island
Batman
Baton Rouge Metropolitan
Batsfjord
Batticaloa
Battle Mountain
Batumi
Baubau
Bauchi
Baudette International
Bauerfield International
Bauru
Baxley Municipal
Bay City Municipal
Bay of Islands
Baytown
Beale Air Force Base
Beatrice Municipal
Beatty
Beaumont Municipal
Beauregard Regional
Beaver
Beaver County
Beaver Creek
Beaver Island
Bedford County
Beech Factory
Beica
Beijing Capital International
Beira
Belaga
Belbek
Belfast International
Belfast Municipal
Belgaum
Belgrade Nikola Tesla
Belize City Municipal
Bella Union
Belle Fourche Municipal
Belle Plaine Municipal
Bellefontaine Regional
Bellegarde
Belleville Municipal
Bellingham International
Belp
Beluga
Bemidji Regional
Ben Gurion International
Bender Qassim International
Benguela
Benina International
Benito Juarez International
Benjamin Rivera Noriega
Benson Municipal
Bentonville Municipal
Berberati
Berens River
Bergen Flesland
Bergerac-Roumaniere
Berlevag
Berlin Municipal
Bermuda Dunes
Bermuda International
Bert Mooney
Bessemer
Bethel
Bettles
Beverly Municipal
Beziers Vias
Bhairawa
Bhisiana Air Force Base
Bhopal
Bhubaneshwar
Bhuj Rudramata
Biard Aeroport
Bicycle Lake Army Airfield
Big Lake
Big Piney-Marbleton
Big Spring McMahon-Wrinkle
Big Trout Lake
Bigfork Municipal
Biggs Army Airfield
Bilaspur
Bilbao
Billings Logan International
Billund
Billy G. Ray Field
Billy Mitchell
Bindlacher Berg
Bintulu
Biraro
Birchwood
Birdsville
Birjand
Birmingham International
Birmingham International
Birsa Munda
Bisbee Douglas International
Bishop International
Biskra
Bismarck Municipal
Bitburg
Black Forest Lahr
Black Hills/Clyde Ice Field
Black River Falls Area
Black Rock
Blackpool International
Blanding Municipal
Block Island State
Bloemfontein
Blosser Municipal
Blue Ash
Blue Canyon - Nyack
Blue Earth Municipal
Blue Grass
Blue Ridge
Bluefields
Blythe
Blytheville Municipal
Boa Vista
Bob Baker Memorial
Bob Hope
Bob Sikes
Bob Wiley Field
Bobby L. Chain Municipal
Bobo-Dioulasso
Boca Raton
Bodo
Boeing Field/King County International
Boire Field
Boise Air Terminal
Bokondini
Bole International
Bolton Field
Bolzano
Bonanza
Bonaventure
Boone County
Boone Municipal
Bora Bora
Borba, Brazil
Bordeaux - Merignac
Borkum
Bornholm
Borrego Springs
Boryspil
Boscobel
Bouake
Boulder City Municipal
Boulder Junction
Boundary
Boundary Bay
Boundji
Bournemouth Hurn
Bowen
Bowerman
Bowers Field
Bowling Green-Warren County Regional
Bowman Field
Bowman Municipal
Boyne Mountain
Brackett Field
Bradford Regional
Bradley International
Bradshaw Army Airfield
Braga
Brainerd Lakes Regional
Brampton Island
Branch County Memorial
Brandon Municipal
Braunschweig-Wolfsburg Regional
Brawley Municipal
Brazoria County
Brazzaville
Bremen
Bremerton National
Brenner Field
Brescia Montichiari International
Brest
Brest Bretagne
Brevig Mission
Brewster Field
Bridgeport Municipal
Bridgewater Air Park
Brie Champniers
Brigham City
Brisbane
Bristol Filton
Bristol International
Britton Municipal
Brnik
Broadus
Brochet
Broken Bow Municipal
Broken Hill
Bromma
Bronnoysund, Bronnoy
Brookhaven
Brookings
Brookings Municipal
Brooks County
Brooks Field
Broome International
Brown County
Brown Field Municipal
Brownsville/South Padre Island International
Brownwood Regional
Bruce Campbell Field
Brunei International
Brunswick County
Brunswick Golden Isles
Brussels
Brussels South Charleroi
Bryce Canyon
Buchanan Field
Buckeye Municipal
Buckland
Buckley Air Force Base
Budapest Ferihegy International
Buenos Aires
Buffalo Municipal
Buffalo Municipal
Buffalo Narrows
Buffalo Niagara International
Buffalo-Lancaster
Bujumbura International
Buka Island
Bukhara
Bulolo
Bunbury
Bunia
Buochs
Burao
Burgas
Buriram
Burke County
Burke Lakefront
Burketown
Burley Municipal
Burlington International
Burnet Municipal
Burnett County
Burns Municipal
Bursa
Bursa Yenisehir
Burtonwood
Burwash
Bushehr
Butler County
Butler County Regional
Butler Memorial
Butts AAF
Butuan
Buyo
Bydgoszcz Ignacy Jan Paderewski
Bykovo
Cable
Cabool Memorial
Cadjehoun
Caen Carpiquet
Cagliari
Cairns Army Airfield
Cairns International
Cairo International
Cairo Regional
Calaveras County-Maury Rasmussen Field
Caldwell Industrial
Caldwell Municipal
Calexico International
Calgary International
Calhoun County
Calicut
Callaway Gardens-Harris County
Calvi Sainte-Catherine
Camarillo
Cambridge
Cambridge Bay
Cambridge Municipal
Cambridge Municipal
Cambridge Municipal
Cambridge-Dorchester
Camden
Cameron Memorial
Camilla-Mitchell County
Camilo Daza International
Campbell Airstrip
Campbell Army Airfield
Campbell County
Campbell River
Campbeltown
Campo Dell Oro
Campo dos Bugres
Campo Fontenelle
Campo Grande International
Campo Mourao
Canaima
Canakkale
Canal Bajo Carlos Hott Siebert
Canberra International
Cancun International
Canefield
Cannon Air Force Base
Cantwell
Canyonlands Field
Cap. FAP Carlos Martinez de Pinillos International
Cape Canaveral AFS Skid Strip
Cape Dorset
Cape Girardeau Regional
Cape Lisburne LRRS
Cape May County
Cape Newenham LRRS
Cape Romanzof LRRS
Cape Town International
Capital City
Capital City
Capitan Corbeta CA Curbelo International
Capitan FAP Jose A. Quinones Gonzales International
Capitan Oriel Lea Plaza
Capodichino
Captain Jack Thomas/El Dorado
Captain Rolden International
Carajas
Caransebes
Caravelas
Carbon County
cardak
Cardiff International
Caribou Municipal
Cariri Regional
Carl R. Keller Field
Carlos Rovirosa Perez International
Carmi Municipal
Carrasco International
Carriel Sur International
Carrillo
Carroll County
Carroll County Regional
Carroll County-Tolson
Carsamba
Carson
Cartersville
Casa Grande Municipal
Casale
Cascade Locks State
Casco Cove Coast Guard Station
Castle
Castlegar
Castres-Mazamet
Cat Lake
Catalina
Catania-Fontanarossa
Cattaraugus County-Olean
Caumont
Cavern City Air Trml
Cayana Airstrip
Caye Caulker
Caye Chapel
Cayenne-Rochambeau
Cayo Coco
Cecil Field
Cedar City Regional
Centennial
Centerville Municipal
Centerville Municipal
Central
Central Illinois Regional
Central Maine of Norridgewock
Central Nebraska Regional
Central Wisconsin
Centralia Municipal
Centralia/Huron Airpark
Cerro Moreno International
Cesar
Cessna Acft Field
Ceyzeriat
CGAS Port Angeles
Chacalluta International
Chachoan
Chadron Municipal
Chafei Amsei
Chalkyitsik
Chambery
Champforgeuil
Chan Gurney Municipal
Chandalar Lake
Chandigarh
Chandler Field
Chandler Municipal
Chandler Regional
Changchun Dafangshen International
Changsha Huanghua International
Changuinola
Chanute Martin Johnson
Chapeco
Chapelco
Chapleau
Charif AI ldrissi
Chariton Municipal
Charles City Municipal
Charles De Gaulle International
Charles M. Schulz Sonoma County
Charleston Executive
Charleston International
Charlevoix
Charlevoix Municipal
Charlo
Charlotte County
Charlotte/Douglas International
Charlottesville-Albemarle
Charlottetown
Chase City Municipal
Chatham Municipal
Chatrapati Shivaji International
Chattanooga Metropolitan
Chautauqua County/Dunkirk
Chautauqua County/Jamestown
Cheboksary
Cheboygan County
Cheddi Jagan International
Chefornak
Chehalis-Centralia
Chengdu Shuangliu International
Chennai International
Chennault International
Cherbourg Maupertus
Cherokee County
Cherokee Municipal
Cherry Capital
Chesapeake Regional
Chester
Chester
Chesterfield County
Chesterfield Inlet
Chetumal International
Chetwynd
Chevak
Chevery
Cheyenne County Municipal
Cheyenne Regional
Chiang Mai International
Chiang Rai International
Chibougamau/Chapais
Chicago/Rockford International
Chichen Itza International
Chickasha Municipal
Chicken
Chico Municipal
Chignik
Chignik Lagoon
Childress Municipal
Chileka International
Chillicothe Municipal
Chiloquin State
China Bay
Chinggis Khaan International
Chino
Chios Island National
Chippewa County International
Chippewa Valley Regional
Chisana
Chisholm-Hibbing
Chisinau International
Chistochina
Chitina
Chitose International
Chlef International
Choteau
Christchurch International
Christmas Islands
Chubu Centrair International
Churchill
Chuuk International
Ciampino
Cibao International
Cincinnati Municipal
Cincinnati/Northern Kentucky International
Circle City
Circle Hot Springs
City of Derry
City-County
Ciudad Acuna International
Ciudad Bolivar
Ciudad del Carmen International
Ciudad Obregon International
Claremont Municipal
Clarion County
Clarion Municipal
Claris Airfield
Clark Field Municipal
Clark Regional
Clarks Point
Clarksville/Red River County
Claxton-Evans County
Clay Center Municipal
Clay County Regional
Clayton Municipal Airpark
Clear Sky Lodge
Clearfield-Lawrence
Clearwater Air Park
Cleburne Municipal
Cleveland Hopkins International
Cleveland Municipal
Cliff Hatfield Memorial
Clinton County
Clinton Memorial
Clinton Municipal
Clinton Regional
Clinton-Sherman
Clintonville Municipal
Cloquet Carlton County
Clovis Municipal
Cluj-Napoca International
Clyde River
Cobb County
Cochin International Limited
Cochrane
Cocos Islands
Coeur d'Alene Air Terminal
Coffey County
Coffeyville Municipal
Coimbra
Cointrin International
Cold Bay
Cold Lake
Coldfoot
Coleman A. Young International
Coleman Municipal
Coles County Memorial
College Park
Collin County Regional at McKinney
Cologne Bonn
Colonel James Jabara
Colorado City Municipal
Colorado Creek
Colorado Plains Regional
Colorado Springs
Coltishall
Columbia Gorge Regional
Columbia Metropolitan
Columbia Owens Downtown
Columbia Regional
Columbus Air Force Base
Columbus County Municipal
Columbus Metropolitan
Columbus Municipal
Columbus Municipal
Columbus-Lowndes County
Comalapa International
Comanche County-City
Comandante FAP German Arias Grazziani
Comodoro Arturo Merino Benitez International
Comox
Compton/Woodley
Concord Municipal
Concord Regional
Condron AAF
Congonhas/Sao Paulo International
Connellsville
Connemara Regional
Converse County
Conway-Horry County
Cook Municipal
Cooktown
Cooperstown
Copenhagen
Copernicus Wroclaw
Coral Harbour
Corcoran
Cordova Municipal
Cork International
corlu
Corn Island
Corning Municipal
Cornwall Regional
Corona Municipal
Coronel FAP Alfredo Mendivil Duarte
Corozal
Corpus Christi International
Corrado Gex
Corsicana Municipal
Cortez Municipal
Corumba International
Corvallis Municipal
Cote d'Azur International
Coto 47
Cottbus-Drewitz
Cotulla-La Salle County
Coulter Field
Council Bluffs Municipal
County Memorial
Courtenay Airpark
Coventry
Covilha
Cox Field
Cozad Municipal
Cozumel International
Craig Field
Craig Municipal
Craig-Moffat
Craiova
Cram Field
Cranbrook/Canadian Rockies International
Craven County Regional
Crawfordsville Municipal
Creech Air Force Base
Creston Municipal
Crete Municipal
Crisp County-Cordele
Crnl. FAP Francisco Secada Vignetta International
Crooked Creek
Crookston Municipal Kirkwood Field
Cross City
Cross Lake
Crossville Memorial-Whitson Field
Crotone
Crown Point International
Croydon
Crystal
Crystal River
Cuba Municipal
Culberson County
Culpeper Regional
Cumberland Municipal
Cunnamulla
Currituck County
Curtis Field
Curtis L. Brown Jr Field
Cushing Municipal
Custer
Custer County
Cut Bank Municipal
Cuyahoga County
Cyril E. King
Da Nang International
Dabolim
Dade-Collier Training and Transition
Dagali
Dahl Creek
Dakar-Yoff-Leopold Sedar Senghor International
Dalaman
Dalby
Dalhart Municipal
Dalian Zhoushuizi International
Dallas Executive
Dallas Love Field
Dallas-Fort Worth International
Daloa
Dalton Municipal
Daman
Damascus International
Danbury Municipal
Dane County Regional
Dangriga
Daniel Field
Daniel Oduber Quiros International
Dansville Municipal
Danville Regional
Daporijo
Dar Es Salaam
Dare County Regional
Darjeeling, India
Darke County
Darlington County Jetport
Darwin International
Dauphin Barker VC)
Davao International
Davenport Municipal
David Wayne Hooks Memorial
Davidson County
Daviess County
Davis Field
Davis Monthan AFB
Davison Army Airfield
Dawson City
Dawson Community
Dawson Creek
Daytona Beach International
Dayton-Wright Brothers
De Kooy
Deadhorse
Deauville/Saint Gatien
Debrecen
Decatur
Decatur County Industrial Air Park
Decatur Municipal
Decorah Municipal
Deer Lake
Deer Lake
Deer Park
Deering
Defiance Memorial
Dehradun
Deir ez-Zor
DeKalb Taylor Municipal
DeKalb-Peachtree
Del Bajio International
Del Rio International
Deland Municipal
Delano Municipal
Delaware County
Delaware Municipal
Deline
Delta County
Deming Municipal
Denison Municipal
Dennis F. Cantrell Field
Denton Municipal
Denver International
Deputado Luis Eduardo Magalhaes
Derby Field
Des Moines International
Desert Rock
Desroches
Destin-Fort Walton Beach
Detroit Lakes
Detroit Metropolitan Wayne County
Devi Ahilyabai Holkar International
Devils Lake Municipal
Devils Mountain Lodge
Devonport
Dexter Municipal
Dhahran International
Diamantina
Dibrugarh
Diego Aracena
Dikson
Dillant-Hopkins
Dillingham Airfield
Dillingham
Dillon
Dillon County
Dimapur
Dimmit County
Dimokritos
Dinard/Plertuit/St. Malo
Dinwiddie County
Diori Hamani
Diosdado Macapagal International
Dipolog
Dire Dawa International
Diu
Diwopu
Dix-Sept Rosado
Diyarbakir
Dnipropetrovsk International
Dobbins Air Reserve Base
Dodge Center
Dodge City Regional
Dodge County
Doha International
Dolbeau-St-Felicien
Dole/Tavaux
Domodedovo International
Don Miguel Hidalgo y Costilla International
Don Mueang International
Don Torcuato International
Donaldson Center
Donegal
Donetsk
Dongola
Door County Cherryland
Dortmund
Dothan Regional
Douala
Double Eagle II
Douglas Municipal
Douglas Municipal
Dover Air Force Base
Doylestown
Dr. Augusto Roberto Fuster International
Dr. Babasaheb Ambedkar International
Drake Bay
Drake Field
Draughon-Miller Central Texas Regional
Dresden Klotzsche
Dryden Regional
Dubai International
Dubbo
Dublin International
DuBois Regional
Dubrovnik
Dubuque Regional
Duffys Tavern
Duluth International
Dumaguete
Duncan
Dundee
Dunedin
Dupage
Duplin County
Durango-La Plata County
Durban International
Durham Tees Valley
Dushanbe
Dusseldorf International
Dutchess County
Dwight
Dyce
Dyess Air Force Base
Dzaoudzi Pamandzi
E.T. Joshua
Eagle
Eagle County Regional
Eagle Creek Airpark
Eagle Grove Municipal
Eagle Lake
Eagle River Union
Eaker Field
Eareckson AS
Earlton
East Hampton
East London
East Midlands
East Texas Regional
Eastern Oregon Regional
Eastern Sierra Regional
Eastern Slopes Regional
Eastern WV Regional
Easterwood
Eastland Municipal
Eastmain River
Easton State
Easton/Newnam Field
Eastport Municipal
Echterdingen
Ed-Air
Edgar County
Edinburg International
Edinburgh
Edmonton City Centre
Edmonton International
Edremit Korfez
Edson
Eduardo Gomes International
Edward F. Knapp State
Edward G. Pitka Sr.
Edwards AFB
Edwards County
Eek
Egegik
Eglin AF Aux. Nr 3 Duke Field
Eielson AFB
Eindhoven
Ekuk
Ekwok
El Altet
El Alto International
El Arish International
El Dorado International
El Eden
El Matorral
El Monte
El Nhouza
El Paso International
El Rahaba
El Reno Regional
El Tajin National
El Tepual
El Trompillo
Elazig
Eleftherios Venizelos International
Elim
Elizabeth City CG Air Station/Regional
Elk City Municipal
Elkhart Municipal
Elkhart-Morton County
Elkin Municipal
Elkins-Randolph Co.-Jennings Randolph Field
Elko Regional
Ellen Church Field
Ellington
Ellington Field
Elliot Lake Municipal
Ellsworth AFB
Elmendorf AFB
Elmira-Corning Regional
Elton Hensley Memorial
Ely
Ely Municipal
Emanuel County
Emelyanovo International
Emmetsburg Municipal
Emmonak
Emporia Municipal
Emporia-Greensville Regional
English Bay
Enid Woodring Regional
Enniskillen
Enontekio
Enrique Malek International
Enschede Twente
Entebbe International
Enterprise Municipal
Ephrata Municipal
Eppley Airfield
Erbil International
Ercan International
Erfurt
Erhac
Erie International
Erkilet International
Ernest A. Love Field
Ernesto Cortissoz International
Eros
Errol
Ertaizi
Erzincan
Erzurum
Esbjerg
Esenboga International
Eskisehir
Esler Regional
Esperance
Essex County
Estherville Municipal
Etismegut
Eugene / Mahlon Sweet Field
Eugenio Maria de Hostos
Eureka
EuroAirport Basel-Mulhouse-Freiburg
EuroAirport Basel-Mulhouse-Freiburg
Evanston-Uinta County Burns Field
Evansville Regional
Eveleth-Virginia Municipal
Evelyn Sharp Field
Everett-Stewart
Exeter
F D Roosevelt
Faa'a International
Fagernes, Leirin
Fairbanks International
Fairbury Municipal
Fairchild AFB
Fairfield County
Fairfield County
Fairfield Municipal
Fairfield Municipal
Fairmont Municipal
Fairmont State Airfield
Falcon Field
Falcon Field
Falconara
Faleolo International
Fallon Municipal
Falls International
False River Regional
Farewell
Faribault Municipal
Farmington Regional
Farmville Regional
Faro
Faro
Fayette County
Fayetteville Municipal
Fayetteville Regional
Federal de Bachigualato International
Federal del Valle del Fuerte International
Federico Fellini International
Felker AAF
Felts Field
Fergus Falls Municipal
Ferit Melen
Fernando de Noronha
Fernando Luis Ribas Dominicci
Festus Memorial
Fianarantsoa
Fillmore County
Findlay
First Flight
Fitch H. Beach
Fitchburg Municipal
Fitiuta Village, American Samoa, United States
Fitzgerald Municipal
Five Mile
Flabob
Flagstaff Pulliam
Flamingo International
Flat
Fleming-Mason
Fletcher Field
Flin Flon
Flora Municipal
Florence Regional
Floro
Floyd Bennett Memorial
Floyd W. Jones Lebanon
Flying Cloud
Fond du Lac County
Fond-du-Lac
Forbes Field
Ford
Forde, Bringeland
Forest City Municipal
Forestville
Forli
formerly Glacier Park International
Forrest City Municipal
Fort Albany
Fort Bridger
Fort Chipewyan
Fort Collins-Loveland Municipal
Fort Dodge Regional
Fort Frances Municipal
Fort Good Hope
Fort Hope
Fort Lauderdale Executive
Fort Lauderdale-Hollywood International
Fort Madison Municipal
Fort McMurray
Fort McPherson
Fort Nelson
Fort Scott Municipal
Fort Severn
Fort Simpson
Fort Smith
Fort Smith Regional
Fort St. John
Fort Stockton-Pecos County
Fort Sumner Municipal
Fort Wayne International
Fort Worth Alliance
Fort Worth Meacham International
Fort Worth Spinks
Fort Yukon
Fosston Municipal
Fostoria Metropolitan
Four Corners Regional
Francis S. Gabreski
Francisco Alvares de Assis
Francisco C. Ada/Saipan International
Francisco Mendes International
Francisco Sa Carneiro
Francisco Sarabia International
Francisco Sarabia National
Frankfort Dow Memorial Field
Frankfort Municipal
Frankfurt International
Frankfurt-Hahn
Franklin County
Franklin County
Franklin County State
Franklin Municipal-John Beverly Rose
Franz Josef Strauss International
Frederic Chopin International
Frederick Municipal
Frederick Municipal
Fredericton
Freeman Municipal
Fremont Municipal
French Frigate Shoals
French Lick Municipal
Fresno Chandler Executive
Fresno Yosemite International
Friday Harbor
Friedman Memorial
Friedrichshafen International
Front Range
Front Royal-Warren County
Fua'amotu International
Fujairah International
Fukuoka
Fullerton Municipal
Fulton County
Fulton County
Fulton County
Funafuti International
Funchal
Gabbs
Gadsden Municipal
Gage
Gaines County
Gainesville Municipal
Gainesville Regional
Galbraith Lake
Galeao - Antonio Carlos Jobim International
Galesburg Municipal
Galileo Galilei
Galion Municipal
Gallatin Field
Gallia-Meigs Regional
Gallup Municipal
Galway
Gambell
Gameti/Rae Lakes
Gan Island
Gander International
Gaoua
Garanhuns, Pernambuco, brazil
Garden City Regional
Garden County
Gardner Municipal
Garfield County Regional
Garner Field
Garons
Gary/Chicago International
Gaspe
Gassim Regional
Gastonia Municipal
Gatlinburg-Pigeon Forge
Gaya
Gaylord Regional
Gbessia
Gdansk Lech Walesa
Geelong
General Abelardo L. Rodriguez International
General Alberto L Salinas C International
General Bernardo O'Higgins
General Enrique Mosconi
General Francisco J. Mujica International
General Francisco Javier Mina International
General Guadalupe Victoria International
General Heriberto Jara International
General Ignacio Pesqueira Garcia International
General Jose Antonio Anzoategui International
General Jose Francisco Bermudez
General Jose Maria Yanez International
General Juan N. alvarez International
General Leobardo C. Ruiz International
General Lucio Blanco International
General Mariano Escobedo International
General Mariano Matamoros
General Mitchell International
General Pedro J. Mendez National
General Rafael Buelna International
General Roberto Fierro Villalobos International
General Rodolfo Sanchez Taboada International
General Servando Canales International
General Urquiza
General William J. Fox Airfield
Genesee County
George
George Best Belfast City
George Bush Intercontinental
George Downer
George F. L. Charles
George M. Bryan
George R. Carr Memorial Air Field
George T. Lewis
Georgetown County
Georgetown Municipal
Gerald R. Ford International
Gerald's
Geraldton
Gerardo Tobar Lopez
Gerrard Smith International
Gibraltar
Gibson County
Giddings-Lee County
Gila Bend AF Aux. Field
Gillam
Gillespie Field
Gillette-Campbell County
Gilmer Municipal
Gimhae International
Gimli Industrial Park
Gimpo
Girdwood
Girona-Costa Brava
Gisborne
Gjoa Haven
Glacier Creek
Glacier Park International
Gladstone, Gladstone, Queensland, Australia
Gladwin Zettel Memorial
Glasgow International
Glasgow International
Glasgow Municipal
Glasgow Prestwick International
Glencoe Municipal
Glendale Municipal
Glenwood Municipal
Glenwood Springs Municipal
Gloucester
Gnoss Field
Gobernador Horacio Guzman
Goderich
Godman AAF
Gods Lake Narrows
Gods River
Gogebic-Iron County
Goiabeiras
Gol, Klanten,Norway
Gold Beach Municipal
Gold Coast
Golden Triangle Regional
Goldsboro-Wayne Municipal
Golfito
Gomez Nino Apiay AB
Gooding Municipal
Goodland Municipal
Goodnews
Goodwood Airfield
Goose Bay
Gordon Municipal
Gordonsville Municipal
Gore Bay-Manitoulin
Gorna Oriakhovitza
Goshen Municipal
Gostomel
Gothenburg City
Gothenburg-Landvetter
Governador Jorge Teixeira de Oliveira International
Graham Municipal
Gran Canaria International
Granbury Municipal
Granby-Grand County
Grand Bahama International
Grand Canyon National Park
Grand Forks AFB
Grand Forks
Grand Forks International
Grand Marais/Cook County
Grand Prairie Municipal
Grand Rapids/Itasca County
Grand Strand
Grande Prairie
Granite Falls Municipal
Granite Mountain AS
Grant County
Grant County International
Grant County Regional
Grant Municipal
Grantley Adams International
Grantsburg Municipal
Grants-Milan Municipal
Gratiot Community
Gray Army Airfield
Grayling
Grayling Army Airfield
Grayson County
Graz
Great Bend Municipal
Great Falls International
Greater Binghamton
Greater Cumberland Regional
Greater Kankakee
Greater Moncton International
Greater Peoria Regional
Greater Portsmouth Regional
Greater Rochester International
Greeley-Weld County
Greenbrier Valley
Greene County
Greeneville-Greene County Municipal
Greenfield Municipal
Greenlee County
Greenville
Greenville Downtown
Greenville-Spartanburg International
Greenwood
Greenwood County
Greenwood Municipal
Greenwood-Leflore
Grenada Municipal
Grider Field
Griffing Sandusky
Griffiss Airpark
Grinnell Regional
Grise Fiord
Grissom ARB
Groningen Eelde
Grosse Ile Municipal
Groton-New London
Grove Municipal
Grundy Municipal
Guanaja
Guangzhou Baiyun International
Guapiles
Guarani International
Guararapes International
Guarulhos International
Guernsey
Guerrero Negro
Guglielmo Marconi
Gulfport-Biloxi International
Gulkana
Gunnison-Crested Butte Regional
Gunsan
Gunung Batin
Gusau
Gustavo Rojas Pinilla
Gustavus
Guthrie County Regional
Guthrie Municipal
Guymon Municipal
Gwangju
Gwaunaru'u
Gwinner- Gwinner, North Dakota, United States
Gwinnett County
H. H. Coffield Regional
H.A. Clark Memorial Field
Habersham County
Hagerstown Regional
Hagler Army Airfield
Haines
Haines Junction
Hakodate
Hale County
Half Moon Bay
Halifax County
Halifax International
Halifax/Shearwater
Halim Perdanakusuma International
Haliwen
Hall Beach
Halliburton Field
Hall-Miller Municipal
Hallock Municipal
Hamar, Stafsberg
Hamburg
Hamburg Finkenwerder
Hamilton
Hamilton International
Hamilton Island
Hamilton Municipal
Hammerfest
Hammond Northshore Regional
Hampton Municipal
Hampton Roads Executive
Hana
Hanan International
Hancock County-Bar Harbor
Hanford Municipal
Hangzhou Xiaoshan International
Hanimaadhoo
Hanksville
Hannibal Regional
Hanover County Municipal
Hanover/Langenhagen International
Harare International
Harbin Taiping International
Harbor Springs
Hardwick Field
Harford Field
Harlan Municipal
Harnett County
Harold Davidson Field
Harrell Field
Harriman and West
Harrisburg International
Harrisburg-Raleigh
Harrison County
Harrison/Marion Regional
Harry Clever Field
Harry P. Williams Memorial
Harry Stern
Harstad/Narvik, Evenes
Hartford Municipal
Hartford-Brainard
Hartness State
Hartsfield-Jackson Atlanta International
Hartsville Regional
Haskovo
Hastings Municipal
Hasvik
Hat Yai International
Hatbox Field
Hato International
Hattiesburg-Laurel Regional
Haugesund
Havre City-County
Havre St-Pierre
Hawkins County
Hawkins Field
Hawthorne Municipal
Hawthorne Municipal
Hay River
Haycock
Hays Regional
Hayward Executive
Hazlehurst
Hazleton Municipal
Healy River
Hearne Municipal
Hearst Municipal
Heart of Georgia Regional
Heber Springs Municipal
Hebron Municipal
Hector International
Hehua
Heidelberg AAF
Heidelberg
Helena Regional
Helsinki-Malmi
Helsinki-Vantaa
Hemet-Ryan
Hemphill County
Henderson City-County
Henderson Executive
Henderson Field
Henderson Field
Henderson-Oxford
Henri Coanda International
Henry County
Henry E. Rohlsen
Henry Post AAF
Henry Tift Myers
Hereford Municipal
Herington Regional
Herlong
Hermanos Serdan International
Hermiston Municipal, Hermiston, Oregon, United States
Hernando County
Herrera
Hesler-Noble Field
Hettinger Municipal
Hewanorra International
Heydar Aliyev
Heydar Aliyev International; Baku, Azerbaijan
Hickory Regional
Higginsville Industrial Municipal
High Level
High Prairie
Highland County
Hill Air Force Base
Hill City Municipal
Hillenbrand Industries
Hillsboro Municipal
Hillsdale Municipal
Hilo International
Hilton Head
Hindustan International
Hiroshima
Hobart International
Hobart Municipal
Hof International
Hohhot Baita International
Hokitika
Holguin Frank Pais International
Holloman Air Force Base
Holy Cross
Holyoke
Homer
Homerville
Homestead Air Reserve Base
Hondo Municipal
Hong Kong International
Hongqiao International
Honningsvag, Valan
Honolulu International
Hood Army Airfield
Hook Field Municipal
Hooker County
Hoonah
Hooper Bay
Hopedale
Hopkinsville-Christian County
Horace Williams
Hornepayne Municipal
Hot Springs County-Thermopolis Municipal
Hot Springs Memorial Field
Hot Springs Municipal
Houari Boumedienne
Houghton County Memorial
Houlton International
Houma-Terrebonne
Houston County
Houston County
Houston-Southwest
Hualien
Huanglong
Hughes
Hugoton Municipal
Humberside
Hunt Field
Hunter AAF
Huntingburg
Huntington Municipal
Huntsville International
Huntsville Municipal
Hurghada International
Hurlburt Field
Huron County Memorial
Huron Regional
Huslia
Hussein Sastranegara
Hutchinson County
Hutchinson Municipal
Hutchinson Municipal
Hutson Field
Iasi International
Ibiza
Ibn Batouta International
Ida Grove Municipal
Idabel
Idaho Falls Regional
Igiugig
Igloolik
Ignace Municipal
Igor I. Sikorsky Memorial
iles-de-la-Madeleine
Ilford
Iliamna
Illinois Valley Regional
Imam Khomeini International
Immokalee
Imperial County
Imperial Municipal
Inca Manco Capac
Incheon International
Incirlik Air Base
Independence Municipal
Independence Municipal
Indian Mountain LRRS
Indiana County
Indianapolis Executive
Indianapolis International
Indianapolis Metropolitan
Indianola Municipal
Indira Gandhi International
Ing. Alberto Acuna Ongay International
Ingalls Field
Ingeniero Ambrosio L.V. Taravella International
Ingersoll
Ingolstadt Manching
Innsbruck Kranebitten
Inukjuak
Inuvik
Invercargill
Inverell
Inyokern
Ioannina National
Ioannis Kapodistrias International
Iowa City Municipal
Iowa County
Iowa Falls Municipal
Ipswich ipw- Ipswich, England
Iqaluit
Irkutsk International
Isedor Iverson
Islamabad International
Island Lake
Isle of Man
Itauba
Ithaca Tompkins Regional
Ivalo
Ivano-Frankivsk
Ivujivik
Ixtapa-Zihuatanejo International
J. Douglas Bake Memorial
J. Hozman
J. Lynn Helms Sevier County
Jabalpur
Jack Edwards
Jack McNamara Field
Jackson County
Jackson Hole
Jackson Municipal
Jackson-Evers International
Jacksons International
Jacksonville International
Jacksonville Municipal
Jacqueline Cochran Regional
Jaffrey - Silver Ranch
Jagdalpur
Jaime Gonzalez
Jaipur
James G. Whiting Memorial Field
James M. Cox International
Jamestown Regional
Jammu
Jamshedpur
Jasper County
Jasper County-Bell Field
Jatao
Jefferson City Memorial
Jefferson Municipal
Jeju International
Jenpeg
Jerez
Jerome County
Jersey
Jesse Viertel Memorial
Jesup-Wayne County
Jiamusi International
Jijiga
Jim Hogg County
Jim Kelly Field
Jinjiang
Jinnah International
Jipijapa
Joao Paulo II
Joe Foss Field
Joensuu
Johan Adolf Pengel International
John C. Tune
John F. Kennedy International
John F. Kennedy Memorial
John H. Batten
John Murtha Johnstown-Cambria County
John Paul II International
John Wayne
Johnson County
Johnson County Executive
Johnston County
Joliet Regional
Jomo Kenyatta International
Jonesboro Municipal
Jonesville Mine
Joplin Regional
Jordan
Jorge Chavez International
Jorge Newbery Airpark
Jorge Wilstermann International
Jorhat
Jose Maria Cordova International
Jose Marti International
Joshua Mqabuko Nkomo International
Joshua Sanford Field
Joslin Field - Magic Valley Regional
Juan De Ayolas
Juan Gualberto Gomez
Juan Manuel Galvez International
Juan Santamaria International
Juana Azurduy de Padilla International
Juanda International
Juanjui
Juist
Junagadh
Jundah
Juneau International
Juticalpa
Kaadedhdhoo
Kabri Dar
Kabul International
Kadhdhoo
Kagoshima
Kagua
Kahramanmaras
Kahului
Kailashahar
Kaitaia
Kake
Kalaeloa
Kalamazoo-Battle Creek International
Kalaupapa
Kalskag
Kaltag
Kaluga
Kalymnos Island National
Kamalpur
Kamloops
Kanab Municipal
Kandla
Kankesanturai
Kansai International
Kansai International
Kansas City Downtown
Kansas City International
Kaohsiung International
Kaolin Field
Kapadokya
Kapalua
Kapuskasing
Kardjali
Kardla
Karl Stefan Memorial
Karlovy Vary
Karluk
Karpathos
Kars
Karup
Kasabonika
Kasane
Kashechewan
Katowice International
Kaunas International
Kearney Municipal
Keesler Air Force Base
Keflavik International
Kegelman AF Aux. Field
Kelowna
Kelsey
Kelso-Longview
Kemerovo
Kemmerer Municipal
Kempsey
Kenai Municipal
Kendall-Tamiami Executive
Kennett Memorial
Kenora
Kenosha Regional
Kent International
Keokuk Municipal
Kerch
Kermanshah
Kerrville Municipal
Kerry
Ketchikan International
Kewanee Municipal
Key Field
Key Lake
Key West International
Khanty-Mansiysk
Kharkiv Osnova International
Khartoum International
Kheria
Khmelnitskiy
Khowai
Kiel Holtenau
Kigali International
Kilimanjaro International
Kimball Municipal
Kimberley
Kimble County
Kimmirut
KIMPO Intenational Republic Korea
King Abdulaziz International
King Abdul-Aziz Naval Base
King Cove
King Fahd Dhahran Air Terminal
King Hussein International
King Island
King Khalid International
King Salmon
Kingman
Kings Land O'Lakes
Kingsford Smith International
Kingston
Kinshasa International
Kinston Regional Jetport
Kipnuk
Kirk Field
Kirkenes, Hoybuktmoen
Kirkland Lake
Kirksville Regional
Kirkuk
Kirkwall
Kirovograd
Kirovosk
Kirsch Municipal
Kiruna
Kissimmee Gateway
Kit Carson County
Kitchener/Waterloo Regional
Kivalina
Klagenfurt
Klamath Falls
Klawock
Kleberg County
Knock International
Knox County Regional
Knoxville Downtown Island
Knoxville Municipal
Kobuk
Kochi
Kodiak
Kodiak Municipal
Koggala
Kohat
Kokomo Municipal
Koliganek
Koltsovo International
Kona International
Kongiganak
Konya
Koonibba
Kopitnari
Koro
Kortdoorn
Kos Island International, Hippocrates
Kosciusko-Attala County
Kosice
Kosrae International
Kota Kinabalu International
Kotoka International
Koyuk Alfred Adams
Koyukuk
Kramatorsk
Krefeld-Egelsberg
Kristiansand, Kjevik
Kristiansund, Kvernberget
Kronoberg
Kroonstad
Kruger Mpumalanga International
Kuala Lumpur International
Kuantan
Kuching International
Kufrah
Kugaaruk
Kugluktuk
Kulik Lake
Kumamoto
Kunming Wujiaba International
Kuressaare
Kuujjuaq
Kuujjuarapik
Kuwait International
Kwethluk
Kwigillingok
Kyle-Oakley Field
L. M. Clayton
L. O. Simenstad Municipal
La Aurora International
La Chinita International
La Coruna
La Crosse Municipal
La Florida
La Fortuna
La Garenne
La Grande Riviere
La Junta Municipal
La Mesa International
La Palma
La Porte Municipal
La Rochelle - ile de Re
La Romana International
La Ronge
La Sarre
La Teste-de-Buch
La Tontouta International
Lac Brochet
Lac Du Bonnet
Lac qui Parle County
Lackland AFB
Laconia Municipal
Lafayette Regional
LaGuardia
Lajes
Lake Charles Regional
Lake City Municipal
Lake County
Lake County
Lake Havasu City
Lake Placid
Lake Tahoe
Lakefield
Lakefront
Lakeland Linder Regional
Lakeland/Noble F. Lee Memorial Field
Lakselv, Banak
Lamar Municipal
Lambert-Saint Louis International
Lamentin International
Lamezia Terme International
Lamoni Municipal
Lampasas
Lampedusa
Lanai
Lancaster
Lancaster
Lancaster County
Langlade County
Langley Air Force Base
Lann Bihoue
Lansdowne House
Lansing Capital City
Lansing Municipal
Lappeenranta
Laramie Regional
Laredo International
Larnaca International
Larned-Pawnee County
Las Americas International
Las Cruces International
Las Marias
Las Vegas Municipal
Lasham Airfield
Latina
Laughlin Air Force Base
Laughlin/Bullhead International
Launceston
Laurence G. Hanscom Field
Laurinburg-Maxton
Laurinburg-Maxton
Lawrence County Airpark
Lawrence J. Timmerman
Lawrence Municipal
Lawrence Municipal
Lawrence Smith Memorial
Lawrenceville/Brunswick Municipal
Lawrenceville-Vincennes International
Lawson Army Airfield
Lawton-Fort Sill Regional
Lazaro Cardenas
Le Mars Municipal
Le Sequestre
Lea County Regional
Leaf Rapids
Learmonth
Lebanon Municipal
Lee
Lee C. Fine Memorial
Lee Gilmer Memorial
Leeds Bradford International
Lee's Summit Municipal
Leesburg Executive
Leesburg Regional
Leh Kushok Bakula Rimpochee
Lehigh Valley International
Leiden, The Netherlands
Leipzig/Halle
Leknes
Lelystad
Lemhi County
Lemmon Municipal
Lenawee County
Leon M'Ba International
Leonardo Da Vinci International
Les Eplatures
Lethbridge County
Lewis University
Lewiston-Nez Perce County
Lewistown Municipal
Lhasa
Liberal Municipal
Lic. Adolfo Lopez Mateos International
Lic. Gustavo Diaz Ordaz International
Lic. Jesus Teran Peredo International
Lic. Miguel de la Madrid
Lic. y Gen. Ignacio Lopez Rayon International
Lichinga
Liege
Lihue
Lilabari
Lima, Ohio, United States
Limassol
Limbunya, Northern Territory, Australia
Limon Municipal
Linate
Lincoln
Lincoln Regional
Lincoln Regional
Lincolnton-Lincoln County Regional
Linden
Lismore
Litchfield Municipal
Little Falls/Morrison County
Little Grand Rapids
Little Rock Air Force Base
Little Rock National
Littlefield Municipal
Livermore Municipal
Liverpool/South Shore Regional
Liverpool John Lennon
Livingston County
Llano Municipal
Lloydminster
Lodz Wladyslaw Reymont
Logan County
Logan International
Logansport/Cass County
Lok Nayak Jayaprakash
Lokpriya Gopinath Bordoloi International
Lome Tokoin
Lompoc
London
London Biggin Hill
London City
London Gatwick
London Heathrow
London Luton
London Stansted
London-Corbin
Londrina - Aeroporto de Londrina
Lone Star Executive
Lonesome Pine
Long Beach
Long Island MacArthur
Longreach
Longvic
Longville Municipal
Lorain County Regional
Lordsburg Municipal
Loreto International
Los Alamitos Army Airfield
Los Alamos
Los Angeles International
Los Banos Municipal
Los Cabos International
Los Chiles
Los Llanos
Lost River 1
Louis Armstrong New Orleans International
Louisa County
Louisville International
Louisville Winston County
Lourdes-de-Blanc-Sablon
Lowcountry Regional
Lt. Warren Eaton
Lubango
Lubbock Preston Smith International
Lubeck
Luce County
Lugano
Luhansk
Luis Munoz Marin International
Luke Air Force Base
Lulea
Lumberton Municipal
Lungi International
Lusaka International
Lushan
Lusk Municipal
Luxembourg-Findel International
Luxor International
Lviv International
Lynchburg Regional
Lynn Lake
Lyons-Rice County Municipal
M. Graham Clark - Taney County
M. R. stefanik
M.A. Grottag
Maastricht Aachen
Mac Crenshaw Memorial
Macapa International
Macas
Macau International
MacDill AFB Aux. Field
MacDill Air Force Base
Machias Valley
Mackall Army Airfield
Mackay
Mackinac Island
Macomb Municipal
Macon Downtown
Mactan-Cebu International
Madera Municipal
Madison County
Madison County Executive
Madison Municipal
Madison Municipal
Madras City-County
Madurai
Magnolia Municipal
Mahendra
Mahon
Mainz-Finthen
Maio, Maio, Cape Verde
Majors
Makabana
Makedonia
Mala Mala
Malabo International
Malad City
Malcolm McKinnon
Malden Municipal
Male International
Malmo-Sturup
Malone-Dufort
Malpensa International
Malta International
Mammoth Yosemite
Manas International
Manassas Regional
Manchester
Manchester-Boston Regional
Mangalore
Manhattan Regional
Manihi
Manila Municipal
Manistee County-Blacker
Manitouwadge
Manitowaning/Manitoulin East Municipal
Manitowoc County
Mankato
Mankato Regional
Manley Hot Springs
Mansfield Lahm Regional
Manu Dayak International
Manuel Crescencio Rejon International
Manuel Marquez de Leon International
Manuel Piar Orinoco International
Mao
Maota
Maple Lake Municipal
Maquehue
Maquoketa Municipal
Mar Del Plata International
Marana Regional
Marathon
March ARB
Marco Island
Marco Polo International
Mardin
Marechal Cunha Machado International
Marechal Rondon
Marfa Municipal
Marianna Municipal
Maribor
Marina Municipal
Marion County
Marion County
Marion County Regional
Marion County-Rankin Fite
Marion Municipal
Marion Municipal
Mariposa-Yosemite
Mariscal Lamar
Mariscal Sucre International
Mariupol
Marka International
Marksville Municipal
Marlboro County Jetport
Marsa Alam
Marseille Provence
Marshall AAF
Marshall Don Hunter Sr
Marshall Memorial Municipal
Marshalltown Municipal
Marshfield Municipal
Martha's Vineyard
Martin Miguel de Guemes International
Martin State
Mary's Harbour
Marysville Municipal
Mason City Municipal
Mason County
Mason Jewett Field
Massena International
Masset
Matacan
Matagami
Matane
Mataveri International
Matecana International
Mau Hau
Maury County
Maximo Gomez
Maxwell Air Force Base
May Creek
Mayo
MBS International
MCAF Quantico
McAlester Regional
MCALF Bogue
McAllen-Miller International
MCAS Beaufort
MCAS Camp Pendleton
MCAS Cherry Point
MCAS El Toro
MCAS Kaneohe Bay
MCAS Miramar
MCAS New River
McCall Municipal
McCarran International
McChord AFB
McClellan Airfield
McClellan-Palomar
McComb/Pike County
McConnell AFB
McCook Regional
McEntire Air National Guard Station
McGhee Tyson
McGrath
McGregor Executive
McGuire AFB
McKellar-Sipes Regional
McKinley National Park
McMinn County
McMinnville Municipal
McNary Field
McPherson
Meade Municipal
Meadow Lake
Meadows Field
Mecklenburg-Brunswick Regional
Medicine Hat
Mediterranee
Meeker
Mefford Field
Mehamn
Mehrabad International
Mekane Selam
Mekoryuk
Melbourne
Melbourne International
Melilla
Melville Hall
Memphis International
Mena Intermountain Municipal
Menara International
Menominee-Marinette Twin County
Menomonie Municipal
Merced Municipal
Mercedita
Mercer County
Mercer County Regional
Meriden Markham Municipal
Merle K. Smith
Merrill Field
Merrill Municipal
Merritt Island
Merzbruck
Merzifon
Mesa Del Rey
Mesquite Metro
Metcalf Field
Metro Field
Mettel Field
Metter Municipal
Mexia-Limestone County
Mexico Memorial
Meythet
Miami International
Miami Municipal
Miami University
Miandrivazo
Michael Army Airfield
Michael J. Smith Field
Michigan City Municipal
MidAmerica St. Louis / Scott Air Force Base
Mid-Delta Regional
Middle Georgia Regional
Middle Peninsula Regional
Middleton Field
Middleton Island
Midland Airpark
Midland International
Midland/Huronia
Mid-Ohio Valley Regional
Mid-State
Midway International
Mid-Way Regional
Mifflin County
Mihail Kogalniceanu International
Milas-Bodrum
Mildura
Miles City Municipal
Milford Municipal
Millard
Miller Field
Miller Municipal
Millington Municipal
Millinocket Municipal
Millville Municipal
Minangkabau International
Minatitlan/Coatzacoalcos National
Minchumina
Minden-Tahoe
Mineral Wells
Mineralnye Vody
Minhas, Kamra
Ministro Pistarini International
Minneapolis-Saint Paul International
Minot Air Force Base
Minot International
Minsk International
Minsk-1
Miramichi
Mission Field
Mississippi County
Missoula International
Mitchell Municipal
Mitiga
Mo i Rana, Rossvoll
Mobile Downtown
Mobile Regional
Mobridge Municipal
Modesto City-County
Moffett Federal Airfield
Mogadishu International
Mohall Municipal
Mohammed V International
Moi International
Mojave
Molde, aro
Molokai
Monastir International
Monchengladbach-Dusseldorf Express
Mondell Field
Monmouth Executive
Monroe County
Monroe County
Monroe County
Monroe Municipal
Monroe Regional
Monroe Regional
Montaudran
Montauk
Montbeugny
Monte Vista Municipal
Monterey Peninsula
Montevideo-Chippewa County
Montgomery County Airpark
Montgomery Field
Montgomery Regional
Monticello Regional
Mont-Joli
Montreal/St-Hubert
Montreal-Mirabel International
Montreal-Pierre Elliott Trudeau International
Montrose Regional
Moody AFB
Moore County
Moore County
Mooreland Municipal
Moore-Murrell
Moorhead Municipal
Moose Lake Carlton County
Moosonee
Mora Municipal
Morganton-Lenoir
Morgantown Municipal
Morrilton Municipal
Morris Municipal
Morristown Municipal
Morrisville-Stowe State
Moses Point
Moshi
Mosjoen, Kjaerstad
Mouakchott
Moultrie Municipal
Mount Airy/Surry County
Mount Carmel Municipal
Mount Comfort
Mount Pleasant Municipal
Mount Pleasant Municipal
Mount Pleasant Regional
Mount Sterling-Montgomery County
Mount Vernon
Mount Washington Regional
Mountain Empire
Mountain Home Air Force Base
Mountain View
Mountain Village
Mudgee
Muir Army Airfield
Mundo Maya International
Munster Osnabruck International
Murcia-San Javier
Murfreesboro Municipal
Murmansk
Murray Field
Murtala Mohammed International
Mus
Muscatine Municipal
Muskegon County
Muskoka
Mustang Beach
Mustique
Muzzafarpur
Myrtle Beach International
Nadi International
NAES Lakehurst
NAF El Centro
Nagasaki
Nagoya
Naha AFB
Naha
Nain
Nairobi Wilson
Nakina
NALF Fentress
NALF Ford Island
NALF Orange Grove
Namatanai
Nampula
Namsos, Hoknesora
Nanaimo
Nanisivik
Nanjing Lukou International
Nantes Atlantique
Nantucket Memorial
Napa County
Napakiak
Napaskiak
Napier
Naples Municipal
Narita International
Nartron Field
Narvik, Framnes
NAS Brunswick
NAS Corpus Christi
NAS Fallon
NAS Jacksonville
NAS JRB Fort Worth
NAS JRB New Orleans
NAS JRB Willow Grove
NAS Key West
NAS Kingsville
NAS Lemoore
NAS Meridian
NAS North Island
NAS Oceana
NAS Patuxent River
NAS Pensacola
NAS Point Mugu
NAS Whidbey Island
NAS Whiting Field - North
NAS Whiting Field - South
Nasa Shuttle Landing Facility
Nashville International
Nassau International
Natashquan
Natchez-Adams County
Natchitoches Regional
NATO Air Base Geilenkirchen
Natrona County International
Nauru International
Nausori International -Nausori, Fiji, Fiji
Navegantes International
NAWS China Lake
N'Djamena
Nebraska City Municipal
Necedah
Needles
Negele Boran, Ethiopia
Neil Armstrong
Neillsville Municipal
Nejanilini Lake
Nellis Air Force Base
Nelson
Nelson Lagoon
Nenana Municipal
Neosho Hugh Robinson
Netaji Subhash Chandra Bose International
Nevada Municipal
New Bedford Regional
New Braunfels Municipal
New Castle
New Castle Municipal
New Castle-Henry County Municipal
New Century AirCenter
New Plymouth
New Richmond Regional
New River Valley
New Smyrna Beach Municipal
New Stuyahok
New Ulm Municipal
Newark Liberty International
Newark-Heath
Newcastle
Newcastle
Newman
Newnan Coweta County
Newport Municipal
Newport News/Williamsburg International
Newport State
Newport State
Newquay Cornwall International
Newtok
Newton Municipal
Newton-City-County
Ngurah Rai International
Niagara Falls International
Nightmute
Niigata
Nikolai
Nikolski Air Station
Nikos Kazantzakis International
Ninilchik
Ninoy Aquino International
Nis Constantine the Great
Nnamdi Azikiwe International
Noatak
Nogales International
Noi Bai International
NOLF Barin
NOLF Cabaniss
NOLF Choctaw
NOLF Coupeville
NOLF Holley
NOLF Imperial Beach
NOLF Joe Williams
NOLF San Nicolas Island
NOLF Santa Rosa
NOLF Saufley
NOLF Spencer
NOLF Summerdale
NOLF Waldron
NOLF Webster
NOLF Whitehouse
Nome
Norderney
Norfolk International
Norfolk Island
Norman Manley International
Norman Wells
Norman Y. Mineta San Jose International
North AF Aux.
North Battleford
North Bay/Jack Garland
North Bend Municipal
North Central State
North Las Vegas
North Perry
North Platte Regional
North Vernon
Northeast Philadelphia
Northeastern Regional
Northern Aroostook Regional
Northern Maine Regional at Presque Isle
Northway
Northwest Alabama Regional
Northwest Arkansas Regional
Northwest Missouri Regional
Norton Municipal
Norway House
Norwich International
Norwood Memorial
Nosara
Notodden, Tuven,
Nouakchott
Novokuznetsk Spichenkovo
Novosibirsk Tolmachevo
NS Mayport
NS Norfolk
NSWC Dahlgren
Nueces County
Nuiqsut
Nulato
Nuremberg
Nut Tree
Nuuk
Nyac
N'Zeto
Oakland County International
Oakland International
Oakland/Troy
Oakley Municipal
Oamaru
Oberlin Municipal
Obre Lake/North of Sixty
Ocala International
Ocean City Municipal
Oceanside Municipal
Oconee County Regional
Octeville
Odense
Odessa Central
Odessa-Schlemeyer Field
Oelwein Municipal
Offutt AFB
Ogden-Hinckley
Ogdensburg International
Oguzeli
O'Hare International
Ohio State University
Ohio University Snyder Field
Ohrid
Oita
Okaloosa Regional / Eglin AFB
Okayama
Okeechobee County
Okmulgee Regional
Olaya Herrera International
Old Crow
Old Town Municipal
Olive Branch
Olivia Regional
Olney Municipal
Olney-Noble
Olympia
Omagwa International
Omak
Omar N. Bradley
Omsk International
O'Neal
Oneida County
Ontario International
Ontario Municipal
Ontonagon County
Opa-locka
OR Tambo International
Oradea International
Orange City Municipal
Orange County
Orange County
Orange County
Orange Municipal
Orangeburg Municipal
Orange-Caritat Air Base
Orcas Island
orebro
Orio al Serio International
Orlando Executive
Orlando International
Orlando Sanford International
Orly International
Ormond Beach Municipal
ornskoldsvik
Oroville Municipal
orsta/Volda, Hovden
Ortonville Municipal
Osaka International
Oscar Laranjeias
Oscoda-Wurtsmith
Oshawa
Oskaloosa Municipal
Oslo, Gardermoen
Oslo Gardermoen
Osmany International
Ostend-Bruges International
Ostrava-Mosnov International
Osvaldo Vieiro International
Oswaldo Guevara Mujica
Oswego County
Otis ANGB
Ottawa Municipal
Ottawa/Carp
Ottawa/Macdonald-Cartier International
Ottawa/Rockcliffe
Ottumwa Industrial
Ouagadougou
Ouani
Oujda Angads
Oulu
Outagamie County Regional
Outlaw Field
Ovda International
Owatonna Degner Regional
Owen Roberts International
Owen Sound/Billy Bishop Regional
Owensboro-Daviess County
Owosso Community
Oxford House
Oxnard
Ozark Regional
Ozona Municipal
P.C. Pelser
Pablo Ruiz Picasso
Pacific City State
Paderborn/Lippstadt
Page Field
Page Municipal
Pageland
Pago Pago International
Palacios Municipal
Palanga
Palermo International
Palese Macchie
Palestine Municipal
Palm Beach Coounty Glades
Palm Beach County Park
Palm Beach International
Palm Springs International
Palmar Sur
Palmdale Regional
Palmer Municipal
Palmerston North International
Palo Alto
Palonegro
Palwaukee Municipal
Pamplona
Pampulha Domestic
Panama City-Bay County International
Pangborn Memorial
Pangnirtung
Panjgur
Panola County
Paphos International
Paraburdoo
Paradise Island
Paraparaumu
Pardubice
Paris-Le Bourget Executive
Park Falls Municipal
Park Rapids Municipal
Park Township
Parker County
Parma
Parnu
Paro
Paros
Pasighat
Paso de los Libres
Paso Robles Municipal
Pathankot Air Force Base
Patos de Minas
Patrick Air Force Base
Pattimura
Paulatuk
Pauls Valley Municipal
Paxson
Paynesville Municipal
Payson
Peace River
Pearland Regional
Pearson Field
Pease International Tradeport
Peawanuck
Pecos Municipal
Pecs Pogany
Pella Municipal
Pellston Regional
Pembina Municipal
Pembroke
Penang International
Penn Valley
Penn Yan
Pensacola Regional
Penticton
Perales
Peretola
Perigueux-Bassillac Aeroport
Perpignan/Rivesaltes Aeroport
Perry County Municipal
Perry Lefors Field
Perry Municipal
Perry Stokes
Perry-Houston County
Perryton Ochiltree County
Perryville
Person County
Perth
Perth
Pescara
Peshawar
Petawawa
Peter O. Knight
Peterborough
Petersburg James A. Johnson
Petit Jean Park
Phifer Airfield
Philadelphia International
Philadelphia Municipal
Philip
Philip Billard Municipal
Philip S. W. Goldson International
Philippos
Phillips Army Airfield
Phillipsburg Municipal
Phoenix Deer Valley
Phoenix Goodyear
Phuket International
Piacenza
Piarco International
Picayune Municipal
Pickaway County Memorial
Pickens County
Pickens County
Pickle Lake
Pico
Piedmont Municipal
Piedmont Triad International
Piedmont Triad International
Piedras Negras International
Pierre Regional
Pierrefonds
Piestany
Pikangikum
Pike County
Pike County
Pilanesberg International
Pilot Point
Pilot Point
Pinal Airpark
Pinckneyville-Du Quoin
Pine Ridge
Pine River Regional
Pinto Martins International
Pipestone Municipal
Pitt-Greenville
Pittsburgh International
Pittsfield Municipal
Pittsfield Penstone Municipal
Piura
Placencia
Placerville
Plan de Guadalupe International
Plant City Municipal
Plantation Airpark
Plati Imathias
Platinum
Platteville Municipal
Plattsburgh International
Plattsmouth Municipal
Playa de Oro International
Pleasanton Municipal
Pleven
Plivot
Plovdiv International
Plymouth City
Plymouth Municipal
Plymouth Municipal
Pocahontas Municipal
Pocatello Regional
Pochentong International
Pocono Mountains Municipal
Podgorica
Podor
Pohnpei International
Point Hope
Point Lay LRRS
Pointe-a-Pitre International
Pointe-Noire Aerodrome
Points North Landing
Pokhara
Polk Army Airfield
Polonia International
Pompano Beach Airpark
Ponca City Regional
Ponciano Arriaga International
Pond Inlet
Pondicherry Civil Aerodrome
Ponta Pora International
Pontiac Municipal
Pontoise
Pope Air Force Base
Pope Field
Poplar Bluff Municipal
Poplar River
Poprad-Tatry
Porcupine Creek
Poretta
Pori
Port Alfred
Port Allen
Port Alsworth
Port Baker
Port Bouet
Port Clarence Coast Guard Station
Port Columbus International
Port Elizabeth
Port Gentil
Port Graham
Port Hardy
Port Hedland
Port Heiden
Port Isabel-Cameron County
Port Lions
Port Meadville
Port Salines International
Port Stanley
Portage La Prairie/Southport
Portales Municipal
Port-au-Prince International
Portela
Porter County Municipal
Porterville Municipal
Portland International
Portland International Jetport
Portland Municipal
Portland-Hillsboro
Portland-Troutdale
Port-Menier
Porto Santo
Porto Seguro
Portoroz
Posadas International
Potomac Airfield
Potsdam Municipal
Pottstown Limerick
Powell Municipal
Powell River
Poznan-Lawica
Prairie du Chien Municipal
Praslin Island
Pratt Industrial
Prefeito Dr.Joao Silva Filho
Preguica, Sao Nicolau, Cape Verde
Presidente Castro Pinto
Presidente Juscelino Kubitschek International
Presidente Nicolau Lobato International
Presidente Vargas
Presque Isle County
Price County
Prince Albert
Prince George
Prince Rupert
Prince Said Ibrahim International
Princess Juliana International
Princeton Municipal
Princeton Municipal
Pristina International
Prof. Eribel Manoel Reino State
Prospect Creek
Providenciales International
Provincetown Municipal
Provo Municipal
Pryor Field Regional
Pudong International
Pueblo Memorial
Puerto Armuellas
Puerto Cabezas
Puerto Escondido International
Puerto Jimenez
Puerto Madryn
Puerto Maldonado International
Puerto Plata
Puerto Princesa
Pukatawagan
Pula
Pulkovo, Rzhevka
Pullman-Moscow Regional
Pune International
Punta Arenas
Punta Cana International
Punta Islita
Purdue University
Purnea
Putnam County
Puvirnituq
Pyongyang Sunan
Pyrenees
Qaisumah
Qaqortoq
Qikiqtarjuaq
Qingdao Liuting International
Qishn
Quad City International
Quakertown
Quartz Creek
Quebec/Jean Lesage International
Queen Alia International
Queenstown International
Quentin Aanenson Field
Quepos Managua
Quesnel
Quetzalcoatl International
Quetzaltenango
Quiche
Quillayute
Quincy Regional
Quinhagak
Quinn Field
Quonset State
RAAF Amberley
Rabah Bitat
Rabil, Boa Vista, Cape Verde
RAF Abingdon
RAF Akrotiri
RAF Alconbury
RAF Brize Norton
RAF Coningsby
RAF Leuchars
RAF Mount Pleasant
RAF Odiham
Rafael Hernandez
Rafael Nunez International
Rafic Hariri International
Rainbow Lake
Raipur
Raja Sansi
Rajiv Gandhi International
Raleigh County Memorial
Raleigh-Durham International
Ralph M. Calhoun Memorial
Ralph Wenz Field
Ralph Wien Memorial
Ramagundam
Ramona
Rampart
Ramstein Air Base
Rancho Murieta
Randolph AFB
Randolph AFB Aux.
Rankin Inlet
Rantoul National Aviation Center
Rapid City Regional
Rarotonga International
Ras Al Khaimah International
Ratmalana
Raton Municipal
Rawlins Municipal
Ray S. Miller AAF/NG
Reading Regional
Red Bluff Municipal
Red Deer Regional
Red Devil
Red Dog
Red Lake
Red Lodge
Red Oak Municipal
Red Sucker Lake
Red Wing Regional
Redding Municipal
Redstone Army Airfield
Redwood Falls Municipal
Regina International
Reid-Hillview of Santa Clara County
Reidsville Municipal
Reina Beatrix International
Reno-Tahoe International
Renton Municipal
Republic
Repulse Bay
Resolute Bay
Reus
Reus, Tarragona, Catalonia, Spain
Rexburg-Madison County
Reykjavik
Reykjavik
Rhinelander-Oneida County
Rhodes International, "Diagoras"
Riberalta
Rice Lake Regional
Richard B. Helgeson
Richard B. Russell
Richard I. Bong
Richard Lloyd Jones Jr.
Richard Pearse
Richards Bay
Richfield Municipal
Richland
Richmond International
Richmond Municipal
Rick Husband Amarillo International
Rickenbacker International
Rickenbacker International
Ridgely Airpark
Riga International
Rimouski
Riverside Municipal
Riverton Regional
Riviere-du-Loup
Riyadh Air Base
Roanoke Regional
Roben-Hood
Robert F. Swinnie
Robert Gray Army Airfield
Robert J. Miller Air Park
Robert L. Bradshaw International
Robert S. Kerr
Robert Sibley
Roberts Field
Roberval
Robin Hood Doncaster Sheffield
Robins AFB
Robinson AAF/NG
Robinson Municipal
Robinvale, Victoria, Australia
Rochelle Municipal
Rochester
Rochester International
Rock County
Rock Hill/York County
Rock Rapids Municipal
Rock Springs-Sweetwater County
Rockhampton
Rockwood Municipal
Rocky Mountain Metropolitan
Rocky Mount-Wilson Regional
Rodriguez Ballon International
Rogers Municipal
Rogue Valley International-Medford
Rohnerville
Roland Garros
Rolla Downtown
Rolla National
Rome State
Ronald Reagan Washington National
Rooke Field
Roros
Rorvik, Ryum
Rosario International
Roschino
Roscoe Turner
Roscommon County
Roseau Municipal
Roseburg Regional
Roseburg Regional
Rosecrans Memorial
Rosh Pina
Roskilde
Ross County
Ross River
Rost
Rostock Laage
Rostov-on-Don
Rostraver
Roswell International Air Center
Rota International
Rota International
Rotorua
Rotterdam
Round Lake
Roundup
Rousse
Rouyn-Noranda
Rovaniemi, Rovaniemi, Finland
Rowan County
Ruben Cantu
Ruby
Rugby Municipal
Rupsi
Rush City Regional
Rusk County
Russell Municipal
Russellville Regional
Russian Mission
Ruston Regional
Rutherford County
Rutland State
Ruzyne International
Ryan Field
Rzeszow-Jasionka
SAAB
Saarbrucken
Sabiha Gokcen International
Sabzevar
Sac City Municipal
Sachigo Lake
Sachs Harbour
Sacramento Executive
Sacramento International
Sacramento Mather
Safford Regional
Saginaw County H.W. Browne
Sagwon
Sahiwal
Saint John
Saint Louis
Saint Pierre
Saint-Exupery International
Saipan International
Sale
Salem-Leckrone
Salgado Filho International
Salina Municipal
Salinas Municipal
Salisbury-Ocean City Wicomico Regional
Sallisaw Municipal
Salluit
Salt Lake City International
Salton Sea
Salvaza
Salzburg
Samana El Catey International
Samara
Samos International "Aristarchos of Samos"
Sampson County
Samuels Field
San Angelo Regional
San Antonio International
San Bernardino International
San Carlos
San Carlos de Bariloche International
San Clemente Island Naval Auxiliary Field
San Diego International
San Felix NAS
San Francisco International
San Juan Aposento
San Luis Obispo County Regional
San Luis Valley Regional
San Marcos Municipal
San Marino
San Pablo
San Pedro
San Rafael
Sand Point
Sandakan
Sandane, Anda
Sandefjord, Torp
Sanderson Field
Sandnessjoen, Stokka
Sandpoint
Sandspit
Sandy Lake
Sanford Regional
Sanford-Lee County Regional
Sangir
Sangster International
Sania Ramel
Sanikiluaq
Sanliurfa
Santa Ana
Santa Barbara Municipal
Santa Bernardina International
Santa Cruz Island
Santa Fe Municipal
Santa Genoveva
Santa Maria
Santa Maria Public
Santa Monica Municipal
Santa Paula
Santa Ynez
Santee Cooper Regional
Santiago de Compostela
Santiago del Estero
Santiago Perez
Santos Air Base
Santos Dumont
SanyaAirport
Sao Carlos
Sao Filipe, Fogo, Cape Verde
Sao Jose dos Campos Regional
Sao Pedro
Sapmanga, Papua New Guinea [1]
Saqani
Sarajevo International
Sarasota-Bradenton International
Sardar Vallabhbhai Patel International
Sardinia Rafsu Decimomannu
Sarh
Sarmellek International
Sarnia
Sartaneja
Saskatoon/John G. Diefenbaker International
Satu Mare International
Sault Ste. Marie
Sault Ste. Marie Municipal
Savannah/Hilton Head International
Savannah-Hardin County
Savannakhet
Savoonga
Sawyer County
Sawyer International
Scammon Bay
Scappoose Industrial Airpark
Scatsta
Schefferville
Schenck Field
Schenectady County
Schiphol
Scholes International at Galveston
Schonefeld International
Schoolcraft County
Schuylkill County
Scott City Municipal
Scott Municipal
Scottsdale
Scribner State
Searcy Municipal
Searle Field
Seattle-Tacoma International
Sebring Regional
Sedalia Memorial
Sedona
Seeb International
Selaparang
Selawik
Seldovia
Selebi Phikwe
Seletar
Selfridge Air National Guard Base
Selfs
Sembach
Seminole Municipal
Senador Nilo Coelho International
Sendai
Senggo, Indonesia
Senou International
Sentani
Seoul Ab
Sepinggan International
Sept-iles
Seward
Seward Municipal
Seychelles International
Seymour Johnson AFB
Seyresse
Shafter-Minter Field
Shageluk
Shah Amanat International
Shahid Asyaee
Shalz Field
Shamattawa
Shannon
Shannon International
Sharm El Sheikh International
Sharp County Regional
Shaw AFB
Shawnee Regional
Sheboygan County Memorial
Sheep Mountain
Sheffield City
Shelby
Shelby County
Shelby Municipal
Shelbyville Municipal
Shelbyville Municipal
Sheldon Municipal
Sheldon Point
Shell Lake Municipal
Shenandoah Municipal
Shenandoah Valley Regional
Shenyang Taoxian International
Sheppard AFB / Wichita Falls Municipal
Sherbrooke
Sheremetyevo International
Sheridan County
Sherman AAF
Sherman Municipal
Sher-Wood
Shirak
Shiraz International
Shishmaref
Shively Field
Show Low Regional
Shreveport Downtown
Shreveport Downtown
Shreveport Regional
Shungnak
siauliai International, Lithuania
Sibiu International
Sibley Municipal
Sibu
Sidney Municipal
Sidney-Richland Municipal
Sierra Blanca Regional
Sierra Vista Municipal / Libby Army Airfield
Siirt
Sikeston Memorial Municipal
Silchar
Silistra
Silver Bay Municipal
Silvio Pettirossi International
Simmons AAF
Simon Bolivar International
Simon Bolivar International
Sindal
Singapore Changi
Sinop
Sioux Center Municipal
Sioux Gateway
Sioux Lookout
Sir Seewoosagur Ramgoolam International
Sir Seretse Khama International
Sirajganj
Siskiyou County
Sitka Rocky Gutierrez
Sittwe
Siuna
Sivas
Skagit Regional
Skagway
Skelton
Skien, Geiteryggen
Skive
Skopje
Skovde Flygplats
Skrydstrup
Skwentna
Sky Harbor
Sky Harbor International
Skyhaven
Skylark Field
Skypark
Slayton Municipal
Sleetmute
Slidell
Sligo
Sloulin Field International
Smith Field
Smith Field
Smith Reynolds
Smithers
Smiths Falls-Montague
Smithton
Smyrna
Snohomish County
Socorro Municipal
Soekarno-Hatta International
Sofia
Sogndal, Haukasen
Soldotna
Solon Springs Municipal
Somerset
Somerset-Pulaski County
Son Sant Joan
Sonderborg
Sonora Municipal
Sorkjosen
Soroti
Souda
South Arkansas Regional at Goodwin Field
South Bend Regional
South Big Horn County
South Bimini
South Haven Area Regional
South Indian Lake
South Jersey Regional
South Lafourche
South Lewis County
South Naknek Nr 2
South St. Paul Municipal
Southampton
Southeast Iowa Regional
Southeast Texas Regional
Souther Field
Southern California Logistics
Southern Illinois
Southern Wisconsin Regional
Southwest Florida International
Southwest Georgia Regional
Southwest Michigan Regional
Southwest Minnesota Regional
Space Coast Regional
Spangdahlem Air Base
Sparrevohn LRRS
Sparta Community
Sparta/Fort McCoy
Spartanburg Downtown Memorial
Spence
Spencer Municipal
Spirit of Saint Louis
Split
Spokane International
Spring Point
Springbok
Springdale Municipal
Springfield-Beckley Municipal
Springfield-Branson Regional
Springhill
St. Anthony
St. Anton
St. Augustine
St. Catharines/Niagara District
St. Charles County Smartt
St. Clair County
St. Clair County International
St. Cloud Regional
St. Gallen Altenrhein
St. George
St. George Municipal
St. Jacques
St. James Municipal
St. Johns Industrial Air Park
St. John's International
St. Landry Parish
St. Leonard
St. Louis Downtown
St. Louis Regional
St. Lucie County International
St. Mary's
St. Marys Municipal
St. Michael
St. Paul Downtown
St. Paul Island
St. Petersburg-Clearwater International
St. Theresa Point
St. Thomas Municipal
Stafford Regional
Stan Stamper Municipal
Stanly County
Stanton Airfield
Staples Municipal
Stara Zaroga
Starke County
Statesboro-Bulloch County
Statesville Regional
St-Augustin
Stauning Vestjylland
Stavanger, Sola
Steamboat Springs
Stebbins
Stennis International
Stephens County
Stephenville
Sterling Municipal
Stevens Point Municipal
Stevens Village
Stewart
Stewart International
St-Honore
Stillwater Regional
Stinson Municipal
St-Jean
Stockholm-Skavsta
Stockholm-Vasteras
Stockton Metropolitan
Stokmarknes, Skagen
Stony Rapids
Stony River 2
Stord, Sorstokken
Storm Lake Municipal
Stornoway
Strasbourg Entzheim International
Strigino
Strother Field
Stroud Municipal
Stuart Powell Field
Stuttgart Municipal
Suceava
Sud Corse
Sudbury
Suffolk Executive
Sugar Land Regional
Sukkur
Sulaymanyiah International
Suleyman Demirel
Sullivan County
Sullivan County International
Sullivan Regional
Sulphur Springs Municipal
Sultan Abdul Aziz Shah
Sultan Abdul Halim
Sultan Azlan Shah
Sultan Ismail International
Sultan Ismail Petra
Sultan Mahmud Badaruddin II
Sultan Syarif Kasim II
Sultan Thaha
Sumburgh
Summerside
Summerville
Summit
Summit
Sumter
Sundance Airpark
Sundsvall-Harnosand
Sunriver
Sunshine Coast
Supadio
Surat Thani
Susanville Municipal
Sussex
Sussex County
Suvarnabhumi
Suvarnabhumi International
Svalbard
Svolvaer, Helle
Swan River
Swansea
Syamsudin Noor
Sydney
Sylacauga Municipal
Sylt
Sylvester
Syracuse Hancock International
Sywell Aerodrome
Szczecin-Goleniow "Solidarnosc"
Szczytno-Snationalrt
Taba International
Tablon de Tamara
Tabriz International
Tabuk
Tachilek
Tacoma Narrows
Tadoule Lake
Tahlequah Municipal
Tahneta Pass
Taichung, Taiwan
Tainan
Taipei Songshan
Taiwan Taoyuan International
Takotna
Talagi
Talavera La Real
Talkeetna
Talladega Municipal
Tallahassee Regional
Tallinn
Taloyoak
Tamarindo
Tambor
Tampa International
Tampere-Pirkkala
Tan Son Nhat International
Tanacross
Tancredo Neves International
Tangier Island
Taos Regional
Tapachula International
Tarare
Tarbes - Lourdes Pyrenees
Tarboro-Edgecombe
Targu Mures International
Tartu-ulenurme
Tasiujaq
Tatalina LRRS
Taunton Municipal
Taupo
Tauranga
Taylor
Taylor County
Taylor County
Taylorville Municipal
Tazadit
Tbilisi International
Ted Stevens Anchorage International
Tefe
Tegel International
Tehachapi Municipal
Tehuacan
Tekamah Municipal
Telfair-Wheeler
Teller
Telluride Regional
Temae
Tempelhof International
Tenerife North
Tenerife South
Terrace
Terrace Bay
Terrance B. Lettsome International
Terre Haute International
Terrell Municipal
Terry County
Teslin
Teterboro
Texada/Gillies Bay
Texarkana Regional
Tezpur
Tezu
Thargomindah
The Eastern Iowa
The Florida Keys Marathon
The O'Neill Municipal
The Pas
Theodore Francis Green State
Theodore Roosevelt Regional
Thicket Portage
Thief River Falls Regional
Thisted
Thomas C. Russell Field
Thomas County
Thomas P. Stafford
Thomaston-Upson County
Thomasville Regional
Thompson
Thompson Falls
Thompson-Robbins
Thomson-McDuffie County
Three Rivers Municipal
Thule Air Base
Thunder Bay
Tianhe
Tille
Timmins
Tin City LRRS
Tin Creek
Tinian International
Tinker AFB
Tinson Pen Aerodrome
Tipton
Tirana International
Tiruchirapalli
Tirupati
Tiska
Tivat
Tobias Bolanos International
Toccoa RG Letourneau Field
Tocumen International
Tofino
Togiak
Tok
Tokat
Toksook Bay
Tokyo International
Toledo Express
Toledo Suburban
Tom B. David Field
Tomahawk Regional
Tompkinsville-Monroe County
Toncontin International
Tonopah
Tonopah Test Range
Tooele Valley
Toronto Pearson International
Toronto/Buttonville Municipal
Toronto/City Centre
Toronto/Downsview
Torrington Municipal
Tortuguero
Touat Cheikh Sidi Mohamed Belkebir
Toulouse Blagnac International
Tours Val de Loire
Townsville International
Trabzon- Trabzon, Turkey
Tracy Municipal
Tracy Municipal
Tradewind
Traian Vuia International
Trapani-Birgi
Trat
Travis AFB
Trent Lott International
Trenton
Trenton Municipal
Trenton-Mercer
Treviso-San Angelo
Tribhuvan International
Tri-Cities
Tri-Cities
Tri-Cities Regional
Tri-City
Tri-County
Tri-County Regional
Trieste Ronchi dei Legionari
Tri-State
Tri-State Steuben County
Tri-Township
Trivandrum International
Trois-Rivieres
Trombetas
Tromso
Trondheim, Vaernes
Troy Municipal
Truckee-Tahoe
Truth or Consequences Municipal
Tstc Waco
Tucson International
Tucumcari Municipal
Tuktoyaktuk
Tulip City
Tulita
Tullahoma Regional
Tulsa International
Tuluksak
Tulum
Tunica Municipal
Tunis-Carthage International
Tupelo Regional
Turany
Tureira
Turin International
Turku
Tuscaloosa Regional
Tuscola Area
Tweed-New Haven
Twentynine Palms
Twentynine Palms EAF
Twin County
Tyler Pounds Regional
Tyndall Air Force Base
Tyonek
Uberaba Municipal
Ufa
Ugashik Bay
Ugnu-Kuparuk
Ukiah Municipal
Ulukhaktok/Holman
Ulysses
Umiat
Unalakleet
Unalaska
Union County
Union Island
United States Air Force Academy Airfield
University of Illinois Willard
University of Oklahoma Westheimer
University Park
University-Oxford
Upala
Upernavik
Upington
Upolu
Upper Cumberland Regional
Upper Heyford RAF
Uranium City
Usak
Ushuaia International
Uzice-Ponikve
Uzunyazi
V.C. Bird International
Vaasa
Vadodara
Vadso
Vagabond AAF
Vagar
Val De Caes International
Valdez Pioneer Field
Val-d'Or
Valdosta Regional
Valencia
Valley International
Vamdrup
Van Nuys
Van Wert County
Vance AFB
Vance W. Amory International
Vancouver Harbour Water Aerodrome
Vancouver International
Vandalia Municipal
Vandenberg AFB
Vandenberg
Varanasi
Vardo, Svartnes
Varna
Venango Regional
Venetie
Venice Municipal
Venustiano Carranza International
Vermilion County
Vernal
Vernon
Vero Beach Municipal
Vicksburg Municipal
Vicksburg Tallulah Regional
Victoria Falls International
Victoria Inner Harbour
Victoria International
Victoria Regional
Vidalia Regional
Videira
Vidin
Vienna International
Vigo-Peinador
Vilnius International
Vinton Veterans Memorial Airpark
Vir Savarkar
Viracopos-Campinas International
Virden
Virgil I. Grissom Municipal
Virgin Gorda
Virginia Highlands
VirginiaTech/Montgomery Executive
Viru Viru International
Visakhapatnam
Visalia Municipal
Vitoria Foronda International
Vityazevo
Vladivostok International
Vnukovo
Volk Field
Volkel
W. H. 'Bud' Barron
W. K. Kellogg
Wabash Municipal
Wabush
Waco Regional
Wadi halfa
Wageningen
Wagga Wagga
Wagner Municipal
Wahoo Municipal
Waimea-Kohala
Wainwright AAF
Wainwright
Wainwright
Wainwright AS
Wake Island Airfield
Wakefield Municipal
Wales
Walker County
Walker Field
Walla Walla Regional
Wallblake
Wallops Flight Facility
Walnut Ridge Regional
Walt Disney
Walter J. Koladza
Wanaka
Wang An
Wanganui
Wangerooge
Wanigela
Warren County Memorial
Warren Field
Warroad International
Warsaw Municipal
Warsaw Municipal
Waseca Municipal
Washington County
Washington Dulles International
Washington Municipal
Washington, D.C.
Washington-Wilkes County
Wasilla
Waskaganish
Waskish Municipal
Waspam
Waterbury-Oxford
Waterford
Waterloo Regional
Watertown International
Watertown Municipal, Watertown, Wisconsin, United States
Watertown Regional
Waterville Robert LaFleur
Watonga Regional
Watson Lake
Watsonville Municipal
Wattay International
Wau
Wauchula Municipal
Waukegan Regional
Waukesha County
Waupaca Municipal
Wausau Downtown
Wawa
Waycross-Ware County
Wayne County
Wayne County
Wayne Municipal
Waynesville Regional
Webequie
Webster City Municipal
Weedon Field
Weeze
Weide AHP
Weiser Air Park
Wellington International
Wellington Municipal
Wells Municipal
Wellsville Municipal
Wemindji
Wendover
Wenzhou
West Bend Municipal
West Georgia Regional
West Houston
West Memphis Municipal
West Plains Municipal
West Woodward
Westchester County
Westerly State
Western australia, Australia
Western Nebraska Regional
Westover ARB/Metropolitan
Westport
Wexford County
Whakatane
Whale Cove
Whangarei
Wharton Regional
Wheatland County at Harlowton
Wheeler Army Airfield
Wheeler-Sack Army Airfield
Wheeling Ohio County
White County
White Mountain
Whitehorse International
Whiteman AFB
Whiteman
Whiteside County
Whittier
Wiarton
Wichita Mid-Continent
Wideawake Field
Wiley Post
Wiley Post-Will Rogers Memorial
Wilkes County
Wilkes-Barre Wyoming Valley
Wilkes-Barre/Scranton International
Will Rogers World
William H. Morse State
William P. Hobby
William R. Fairchild International
William T. Piper Memorial
Williams Gateway
Williams Gateway
Williams Lake
Williamsburg Regional
Williamsburg-Jamestown
Williamson County Regional
Williamsport Regional
Willmar Municipal
Willoughby Lost Nation Municipal
Willow
Willow Run
Willows-Glenn County
Wilmington International
Winchester Municipal
Winchester Regional
Winder-Barrow
Windham
Windhoek Hosea Kutako International
Windom Municipal
Window Rock
Windsor
Wings Field
Wings Field
Winkler County
Winnemucca Municipal
Winnipeg James Armstrong Richardson International
Winnipeg/St. Andrews
Winona Municipal
Winslow-Lindbergh Regional
Winston Field
Winter Haven's Gilbert
Wiscasset
Wiseman
Witham Field
Wittman Regional
Woensdrecht
Wollaston Lake
Wood County
Woodbourne
Woodward Field
Worcester Regional
Worland Municipal
Worthington Municipal
Wrangell
Wright Army Airfield
Wright-Patterson AFB
Wrigley
Xangongo
Xanxere
Xiamen Gaoqi International
Xi'an Xianyang International
Xichang Qingshan
Xoxocotlan International
Yacuiba
Yaguara
Yakataga
Yakima Air Terminal
Yakutat
Yalinga
Yamoussoukro
Yampa Valley
Yan
Yangon International
Yaounde
Yaounde Nsimalen
Yap International
Yariguies
Yarmouth
Yaroslavl
Yazd Shahid Sadooghi
Ye
Yeager
Yelizovo
Yellowknife
Yellowstone
Yellowstone Regional
Yemelyanovo
Yenbo
York
York Landing
York Municipal
Yorkton Municipal
Youngstown-Warren Regional
Yuba County
Yuma International
Yuzhno-Sakhalinsk
Yuzhny
Z.M. Jack Stell Field
Zabol
Zabre
Zadar
Zagreb
Zakouma
Zamboanga International
Zamperini Field
Zanaga
Zanesville Municipal
Zanzibar
Zapala
Zapatoca
Zaragoza
Zarzis
Zephyrhills Municipal
Zero
Zhengzhou Xinzheng International
Zhezkazgan
Zhob
Zhulyany International
Zia International
Zielona Gora
Zinder
Zumbi dos Palmares
Zurich International
Zvartnots International
Zweibrucken
