ASM International;ASM International
AUES - Auckland University Engineering Society;AUES - Auckland University Engineering Society
Acadia Engineering Society;Acadia Engineering Society
Adelaide University Engineering Society student organisation;Adelaide University Engineering Society student organisation
Aeronautical Society of India;Aeronautical Society of India
American Academy of Financial Management;American Academy of Financial Management
American Anthropological Association;American Anthropological Association
American Association of Petroleum Geologists;American Association of Petroleum Geologists
American Bar Association;American Bar Association
American Chemical Society;American Chemical Society
American Congress on Surveying & Mapping;American Congress on Surveying & Mapping
American Copy Editors Society;American Copy Editors Society
American Council of Engineering Companies;American Council of Engineering Companies
American Counsel Association;American Counsel Association
American Dental Association;American Dental Association
American Economic Association;American Economic Association
American Evaluation Association;American Evaluation Association
American Hospital Association;American Hospital Association
American Instititute of Architects;American Instititute of Architects
American Institute of Aeronautics and Astronautics;American Institute of Aeronautics and Astronautics
American Institute of Building Design;American Institute of Building Design
American Institute of Certified Public Accountants;American Institute of Certified Public Accountants
American Institute of Chemical Engineers;American Institute of Chemical Engineers
American Institute of Professional Geologists;American Institute of Professional Geologists
American Intellectual Property Law Association;American Intellectual Property Law Association
American Library Association;American Library Association
American Marketing Association;American Marketing Association
American Mathematical Society;American Mathematical Society
American Medical Association;American Medical Association
American Nursing Association;American Nursing Association
American Physical Society;American Physical Society
American Planning Association;American Planning Association
American Political Science Association;American Political Science Association
American Psychological Association;American Psychological Association
American Public Health Association;American Public Health Association
American Public Works Association;American Public Works Association
American Road & Transportation Builders Association;American Road & Transportation Builders Association
American Security Association;American Security Association
American Society for Engineering Education;American Society for Engineering Education
American Society for Public Administration;American Society for Public Administration
American Society of Agricultural and Biological Engineers;American Society of Agricultural and Biological Engineers
American Society of Civil Engineers;American Society of Civil Engineers
American Society of Consultant Pharmacists;American Society of Consultant Pharmacists
American Society of Heating;American Society of Heating
American Society of Mechanical Engineers;American Society of Mechanical Engineers
American Society of Plumbing Engineers;American Society of Plumbing Engineers
American Water Resources Association;American Water Resources Association
American Water Works Association;American Water Works Association
Art Museum Partnership;Art Museum Partnership
Association Generale des etudiants en Genie - Universite de Sherbrooke;Association Generale des etudiants en Genie - Universite de Sherbrooke
Association des etudiants de Polytechnique;Association des etudiants de Polytechnique
Association des etudiants en Sciences et Genie de l'Universite Laval;Association des etudiants en Sciences et Genie de l'Universite Laval
Association des etudiants de l'ecole de technologie superieure;Association des etudiants de l'ecole de technologie superieure
Association des etudiants en genie de l'Universite du Quebec a Chicoutimi;Association des etudiants en genie de l'Universite du Quebec a Chicoutimi
Association des etudiants et etudiantes en genie de l'Universite de Moncton;Association des etudiants et etudiantes en genie de l'Universite de Moncton
Association for Computing Machinery;Association for Computing Machinery
Association for Strategic Planning;Association for Strategic Planning
Association of American Geographers;Association of American Geographers
Association of Clinical Research Professionals;Association of Clinical Research Professionals
Association of Environmental & Engineering Geologists;Association of Environmental & Engineering Geologists
Association of International Product Marketing & Management;Association of International Product Marketing & Management
Association of Records Managers and Administrators;Association of Records Managers and Administrators
Association of State Floodplain Managers;Association of State Floodplain Managers
British Computer Society;British Computer Society
British Institute of Non-Destructive Testing;British Institute of Non-Destructive Testing
Canadian Information Processing Society;Canadian Information Processing Society
Canadian Institute of Chartered Accountants;Canadian Institute of Chartered Accountants
Canadian Institute of Planners;Canadian Institute of Planners
Canadian Linguistics Association;Canadian Linguistics Association
Cape Breton University Engineering Society;Cape Breton University Engineering Society
Carleton Student Engineering Society;Carleton Student Engineering Society
Chartered Clinical Trialist Institute;Chartered Clinical Trialist Institute
Chartered Institution of Building Services Engineers;Chartered Institution of Building Services Engineers
Chartered Institution of Water and Environmental Management;Chartered Institution of Water and Environmental Management
Chartered Secretaries New Zealand;Chartered Secretaries New Zealand
Colegio de Ingenieros de Venezuela;Colegio de Ingenieros de Venezuela
Commonwealth Lawyers Association;Commonwealth Lawyers Association
Dalhousie Sexton Undergraduate Engineering Society;Dalhousie Sexton Undergraduate Engineering Society
Dalhousie Undergraduate Engineering Society;Dalhousie Undergraduate Engineering Society
Drug Information Association;Drug Information Association
EFFAS;EFFAS
ENSOC - University of Canterbury Engineering Society;ENSOC - University of Canterbury Engineering Society
Energy Institute;Energy Institute
Engineering & Computer Science Association;Engineering & Computer Science Association
Engineering Society at York University;Engineering Society at York University
Engineering Society of Multimedia University student organisation;Engineering Society of Multimedia University student organisation
Engineering Society of Queen's University;Engineering Society of Queen's University
Engineering Undergraduate Society;Engineering Undergraduate Society
Engineering Undergraduate Society of the University of British Columbia;Engineering Undergraduate Society of the University of British Columbia
Engineering Undergraduate Student Society of Simon Fraser University;Engineering Undergraduate Student Society of Simon Fraser University
Engineers Without Borders;Engineers Without Borders
European Federation of National Engineering Associations;European Federation of National Engineering Associations
Financial Services Institute of Australasia;Financial Services Institute of Australasia
Georgia Political Science Association;Georgia Political Science Association
IPENZ - Institution of Professional Engineers New Zealand;IPENZ - Institution of Professional Engineers New Zealand
ITR - Universite du Quebec a Trois-Rivieres;ITR - Universite du Quebec a Trois-Rivieres
Indian Institute of Chemical Engineers;Indian Institute of Chemical Engineers
Information Systems Audit and Control Association;Information Systems Audit and Control Association
Institute of Acoustics;Institute of Acoustics
Institute of Biological Engineering;Institute of Biological Engineering
Institute of Cast Metal Engineers;Institute of Cast Metal Engineers
Institute of Electrical and Electronics Engineers;Institute of Electrical and Electronics Engineers
Institute of Food Technologists;Institute of Food Technologists
Institute of Healthcare Engineering & Estate Management;Institute of Healthcare Engineering & Estate Management
Institute of Highway Incorporated Engineers;Institute of Highway Incorporated Engineers
Institute of Industrial Engineers;Institute of Industrial Engineers
Institute of Internal Auditors;Institute of Internal Auditors
Institute of Management Accountants;Institute of Management Accountants
Institute of Marine Engineering;Institute of Marine Engineering
Institute of Materials;Institute of Materials
Institute of Measurement and Control;Institute of Measurement and Control
Institute of Physics;Institute of Physics
Institute of Physics & Engineering in Medicine;Institute of Physics & Engineering in Medicine
Institute of Plumbing and Heating Engineering;Institute of Plumbing and Heating Engineering
Institute of Transportation Engineers;Institute of Transportation Engineers
Institution of Agricultural Engineers;Institution of Agricultural Engineers
Institution of Chemical Engineers;Institution of Chemical Engineers
Institution of Civil Engineers;Institution of Civil Engineers
Institution of Electrical Engineers;Institution of Electrical Engineers
Institution of Engineering Designers;Institution of Engineering Designers
Institution of Engineering and Technology;Institution of Engineering and Technology
Institution of Engineers;Institution of Engineers
Institution of Engineers of Ireland;Institution of Engineers of Ireland
Institution of Fire Engineers;Institution of Fire Engineers
Institution of Highways & Transportation;Institution of Highways & Transportation
Institution of Incorporated Engineers;Institution of Incorporated Engineers
Institution of Lighting Engineers;Institution of Lighting Engineers
Institution of Mechanical Engineers;Institution of Mechanical Engineers
Institution of Nuclear Engineers;Institution of Nuclear Engineers
Institution of Railway Signal Engineers;Institution of Railway Signal Engineers
Institution of Structural Engineers;Institution of Structural Engineers
Institution of Water Officers;Institution of Water Officers
International Association for Bridge & Structural Engineering;International Association for Bridge & Structural Engineering
International Council of Shopping Centers;International Council of Shopping Centers
International Council on Systems Engineering;International Council on Systems Engineering
International Facility Management Association;International Facility Management Association
International Federation for Information Processing;International Federation for Information Processing
International Federation of Intellectual Property Attorneys;International Federation of Intellectual Property Attorneys
International Project Management Commission;International Project Management Commission
International Society for Optical Engineering;International Society for Optical Engineering
Lakehead University Engineering Student Society;Lakehead University Engineering Student Society
Latin American Studies Association;Latin American Studies Association
Laurentian University Engineering Students' Society;Laurentian University Engineering Students' Society
List of British professional bodies;List of British professional bodies
McMaster Engineering Society;McMaster Engineering Society
Memorial University Engineering Undergraduate Student Society;Memorial University Engineering Undergraduate Student Society
NACE International;NACE International
National Academy of Forensic Engineers;National Academy of Forensic Engineers
National Association of Fleet Administrators;National Association of Fleet Administrators
National Association of Home Builders;National Association of Home Builders
National Association of Industrial & Office Properties;National Association of Industrial & Office Properties
National Association of Orthopaedic Nurses;National Association of Orthopaedic Nurses
National Council on Interpreting in Health Care;National Council on Interpreting in Health Care
National Ground Water Association;National Ground Water Association
National Rural Water Association;National Rural Water Association
National Society of Accountants;National Society of Accountants
National Society of Black Engineers;National Society of Black Engineers
National Society of Professional Engineers;National Society of Professional Engineers
Naval Intelligence Professionals;Naval Intelligence Professionals
Ontario Society of Professional Engineers;Ontario Society of Professional Engineers
Order of the Engineer;Order of the Engineer
Parenteral Drug Association;Parenteral Drug Association
Pharmaceutical Society Of New Zealand;Pharmaceutical Society Of New Zealand
Professional Association of Intuitive Consultants;Professional Association of Intuitive Consultants
Professional Engineers Ontario;Professional Engineers Ontario
Professional Information Security Association;Professional Information Security Association
Professional Risk Manager's International Association;Professional Risk Manager's International Association
Regina Engineering Students' Society;Regina Engineering Students' Society
Regroupement general des etudiants en genie de Rimouski;Regroupement general des etudiants en genie de Rimouski
Regulatory Affairs Professional Society;Regulatory Affairs Professional Society
Romanian Association of Heat-Treatment;Romanian Association of Heat-Treatment
Romanian Association of Non-Traditional Technologies;Romanian Association of Non-Traditional Technologies
Romanian Association of Tensometry;Romanian Association of Tensometry
Romanian Welding Society;Romanian Welding Society
Royal Aeronautical Society;Royal Aeronautical Society
Royal Institution of Naval Architects;Royal Institution of Naval Architects
Royal Military College of Canada Engineering Society;Royal Military College of Canada Engineering Society
Ryerson Engineering Student Society;Ryerson Engineering Student Society
SENZ - Student Engineers of New Zealand;SENZ - Student Engineers of New Zealand
Saint Mary's University Engineering Society;Saint Mary's University Engineering Society
Saskatoon Engineering Students' Society;Saskatoon Engineering Students' Society
Sigma Xi;Sigma Xi
SoSE - AUT Society of Student Engineers;SoSE - AUT Society of Student Engineers
Society for Applied Anthropology;Society for Applied Anthropology
Society for Clinical Data Management;Society for Clinical Data Management
Society for Marketing Professional Services;Society for Marketing Professional Services
Society for Protective Coatings;Society for Protective Coatings
Society of American Military Engineers;Society of American Military Engineers
Society of Automotive Engineers;Society of Automotive Engineers
Society of Clinical Research Associates;Society of Clinical Research Associates
Society of Environmental Engineers;Society of Environmental Engineers
Society of Fire Protection Engineers;Society of Fire Protection Engineers
Society of Hispanic Professional Engineers;Society of Hispanic Professional Engineers
Society of Human Resources Management;Society of Human Resources Management
Society of Marine Port Engineers;Society of Marine Port Engineers
Society of Naval Architects and Marine Engineers;Society of Naval Architects and Marine Engineers
Society of Operations Engineers;Society of Operations Engineers
Society of Petroleum Engineers;Society of Petroleum Engineers
Society of Professional Journalists;Society of Professional Journalists
Society of Women Engineers;Society of Women Engineers
Societe des etudiants et etudiantes en genie d'Abitibi-Temiscamingue;Societe des etudiants et etudiantes en genie d'Abitibi-Temiscamingue
St. Francis Xavier University Engineering Student Society;St. Francis Xavier University Engineering Student Society
Tau Beta Pi Engineering Honor Society;Tau Beta Pi Engineering Honor Society
The Executive Company;The Executive Company
The Institution of Electronics and Telecommunication Engineers;The Institution of Electronics and Telecommunication Engineers
The Tire Society;The Tire Society
Turnaround Management Association;Turnaround Management Association
Undergraduate Engineering Society of the University of Western Ontario;Undergraduate Engineering Society of the University of Western Ontario
University Of Ottawa Engineering Student Society;University Of Ottawa Engineering Student Society
University of Alberta Engineering Students' Society;University of Alberta Engineering Students' Society
University of Calgary Engineering Students' Society;University of Calgary Engineering Students' Society
University of Guelph Engineering Society;University of Guelph Engineering Society
University of Manitoba Engineering Society;University of Manitoba Engineering Society
University of New Brunswick Engineering Undergraduate Society;University of New Brunswick Engineering Undergraduate Society
University of Prince Edward Island Engineering Society;University of Prince Edward Island Engineering Society
University of Toronto Engineering Society;University of Toronto Engineering Society
University of Victoria Engineering Students' Society;University of Victoria Engineering Students' Society
University of Waterloo Engineering Society;University of Waterloo Engineering Society
University of Windsor Engineering Society;University of Windsor Engineering Society
Urban Land Institute;Urban Land Institute
Usability Professionals' Association;Usability Professionals' Association
Verein Deutscher Ingenieure;Verein Deutscher Ingenieure
WEVA;WEVA
Water Environment Federation;Water Environment Federation
Welding Institute;Welding Institute
World Organization of Web Professionals;World Organization of Web Professionals
PBB;UN
Perserikatan Bangsa-Bangsa;United Nations
Organisasi Kesehatan Dunia;World Health Organization
Universitas Indonesia;Universitas Indonesia
The Order of the Solar Temple;The Order of the Solar Temple
Parelemen Eropa;European Parliament
Uni Eropa;European Union
AirFrance;Air France
Air France;Air France
Dana Moneter Internasional;International Monetary Fund
Dana Moneter Dunia;International Monetary Fund